[    0.000000] Linux version 6.11.0-26-generic (buildd@lcy02-amd64-074) (x86_64-linux-gnu-gcc-13 (Ubuntu 13.3.0-6ubuntu2~24.04) 13.3.0, GNU ld (GNU Binutils for Ubuntu) 2.42) #26~24.04.1-Ubuntu SMP PREEMPT_DYNAMIC Thu Apr 17 19:20:47 UTC 2 (Ubuntu 6.11.0-26.26~24.04.1-generic 6.11.11)
[    0.000000] Command line: BOOT_IMAGE=/boot/vmlinuz-6.11.0-26-generic root=UUID=baa3eea3-1b0b-4ab2-9e5f-86e9a8a36300 ro quiet splash pci=disable_device=0000:05:00.0 vt.handoff=7
[    0.000000] KERNEL supported cpus:
[    0.000000]   Intel GenuineIntel
[    0.000000]   AMD AuthenticAMD
[    0.000000]   Hygon HygonGenuine
[    0.000000]   Centaur CentaurHauls
[    0.000000]   zhaoxin   Shanghai  
[    0.000000] x86/tme: not enabled by BIOS
[    0.000000] x86/split lock detection: #AC: crashing the kernel on kernel split_locks and warning on user-space split_locks
[    0.000000] BIOS-provided physical RAM map:
[    0.000000] BIOS-e820: [mem 0x0000000000000000-0x000000000009dfff] usable
[    0.000000] BIOS-e820: [mem 0x000000000009e000-0x000000000009efff] reserved
[    0.000000] BIOS-e820: [mem 0x000000000009f000-0x000000000009ffff] usable
[    0.000000] BIOS-e820: [mem 0x00000000000a0000-0x00000000000fffff] reserved
[    0.000000] BIOS-e820: [mem 0x0000000000100000-0x0000000030d92fff] usable
[    0.000000] BIOS-e820: [mem 0x0000000030d93000-0x0000000030d93fff] reserved
[    0.000000] BIOS-e820: [mem 0x0000000030d94000-0x000000003183ffff] usable
[    0.000000] BIOS-e820: [mem 0x0000000031840000-0x000000003493ffff] reserved
[    0.000000] BIOS-e820: [mem 0x0000000034940000-0x0000000034a4ffff] ACPI data
[    0.000000] BIOS-e820: [mem 0x0000000034a50000-0x0000000034bd3fff] ACPI NVS
[    0.000000] BIOS-e820: [mem 0x0000000034bd4000-0x0000000035ffefff] reserved
[    0.000000] BIOS-e820: [mem 0x0000000035fff000-0x0000000035ffffff] usable
[    0.000000] BIOS-e820: [mem 0x0000000036000000-0x0000000039ffffff] reserved
[    0.000000] BIOS-e820: [mem 0x000000003a800000-0x000000003abfffff] reserved
[    0.000000] BIOS-e820: [mem 0x000000003b000000-0x00000000403fffff] reserved
[    0.000000] BIOS-e820: [mem 0x00000000c0000000-0x00000000cfffffff] reserved
[    0.000000] BIOS-e820: [mem 0x00000000fc000000-0x00000000fc00ffff] reserved
[    0.000000] BIOS-e820: [mem 0x00000000fe000000-0x00000000fe010fff] reserved
[    0.000000] BIOS-e820: [mem 0x00000000fec00000-0x00000000fec00fff] reserved
[    0.000000] BIOS-e820: [mem 0x00000000fed00000-0x00000000fed00fff] reserved
[    0.000000] BIOS-e820: [mem 0x00000000fed20000-0x00000000fed7ffff] reserved
[    0.000000] BIOS-e820: [mem 0x00000000fee00000-0x00000000fee00fff] reserved
[    0.000000] BIOS-e820: [mem 0x00000000ff000000-0x00000000ffffffff] reserved
[    0.000000] BIOS-e820: [mem 0x0000000100000000-0x00000008bfbfffff] usable
[    0.000000] PCI: Unknown option `disable_device=0000:05:00.0'
[    0.000000] NX (Execute Disable) protection: active
[    0.000000] APIC: Static calls initialized
[    0.000000] e820: update [mem 0x2b555018-0x2b579a57] usable ==> usable
[    0.000000] e820: update [mem 0x2b547018-0x2b554857] usable ==> usable
[    0.000000] extended physical RAM map:
[    0.000000] reserve setup_data: [mem 0x0000000000000000-0x000000000009dfff] usable
[    0.000000] reserve setup_data: [mem 0x000000000009e000-0x000000000009efff] reserved
[    0.000000] reserve setup_data: [mem 0x000000000009f000-0x000000000009ffff] usable
[    0.000000] reserve setup_data: [mem 0x00000000000a0000-0x00000000000fffff] reserved
[    0.000000] reserve setup_data: [mem 0x0000000000100000-0x000000002b547017] usable
[    0.000000] reserve setup_data: [mem 0x000000002b547018-0x000000002b554857] usable
[    0.000000] reserve setup_data: [mem 0x000000002b554858-0x000000002b555017] usable
[    0.000000] reserve setup_data: [mem 0x000000002b555018-0x000000002b579a57] usable
[    0.000000] reserve setup_data: [mem 0x000000002b579a58-0x0000000030d92fff] usable
[    0.000000] reserve setup_data: [mem 0x0000000030d93000-0x0000000030d93fff] reserved
[    0.000000] reserve setup_data: [mem 0x0000000030d94000-0x000000003183ffff] usable
[    0.000000] reserve setup_data: [mem 0x0000000031840000-0x000000003493ffff] reserved
[    0.000000] reserve setup_data: [mem 0x0000000034940000-0x0000000034a4ffff] ACPI data
[    0.000000] reserve setup_data: [mem 0x0000000034a50000-0x0000000034bd3fff] ACPI NVS
[    0.000000] reserve setup_data: [mem 0x0000000034bd4000-0x0000000035ffefff] reserved
[    0.000000] reserve setup_data: [mem 0x0000000035fff000-0x0000000035ffffff] usable
[    0.000000] reserve setup_data: [mem 0x0000000036000000-0x0000000039ffffff] reserved
[    0.000000] reserve setup_data: [mem 0x000000003a800000-0x000000003abfffff] reserved
[    0.000000] reserve setup_data: [mem 0x000000003b000000-0x00000000403fffff] reserved
[    0.000000] reserve setup_data: [mem 0x00000000c0000000-0x00000000cfffffff] reserved
[    0.000000] reserve setup_data: [mem 0x00000000fc000000-0x00000000fc00ffff] reserved
[    0.000000] reserve setup_data: [mem 0x00000000fe000000-0x00000000fe010fff] reserved
[    0.000000] reserve setup_data: [mem 0x00000000fec00000-0x00000000fec00fff] reserved
[    0.000000] reserve setup_data: [mem 0x00000000fed00000-0x00000000fed00fff] reserved
[    0.000000] reserve setup_data: [mem 0x00000000fed20000-0x00000000fed7ffff] reserved
[    0.000000] reserve setup_data: [mem 0x00000000fee00000-0x00000000fee00fff] reserved
[    0.000000] reserve setup_data: [mem 0x00000000ff000000-0x00000000ffffffff] reserved
[    0.000000] reserve setup_data: [mem 0x0000000100000000-0x00000008bfbfffff] usable
[    0.000000] efi: EFI v2.8 by American Megatrends
[    0.000000] efi: ACPI=0x34af1000 ACPI 2.0=0x34af1014 TPMFinalLog=0x34abe000 SMBIOS=0x35a51000 SMBIOS 3.0=0x35a50000 MEMATTR=0x2b722818 ESRT=0x2f770398 MOKvar=0x35aab000 INITRD=0x2b6fd298 RNG=0x34975018 TPMEventLog=0x3496e018 
[    0.000000] random: crng init done
[    0.000000] efi: Remove mem85: MMIO range=[0xc0000000-0xcfffffff] (256MB) from e820 map
[    0.000000] e820: remove [mem 0xc0000000-0xcfffffff] reserved
[    0.000000] efi: Not removing mem86: MMIO range=[0xfc000000-0xfc00ffff] (64KB) from e820 map
[    0.000000] efi: Not removing mem87: MMIO range=[0xfe000000-0xfe010fff] (68KB) from e820 map
[    0.000000] efi: Not removing mem88: MMIO range=[0xfec00000-0xfec00fff] (4KB) from e820 map
[    0.000000] efi: Not removing mem89: MMIO range=[0xfed00000-0xfed00fff] (4KB) from e820 map
[    0.000000] efi: Not removing mem91: MMIO range=[0xfee00000-0xfee00fff] (4KB) from e820 map
[    0.000000] efi: Remove mem92: MMIO range=[0xff000000-0xffffffff] (16MB) from e820 map
[    0.000000] e820: remove [mem 0xff000000-0xffffffff] reserved
[    0.000000] SMBIOS 3.6.0 present.
[    0.000000] DMI: Gigabyte Technology Co., Ltd. Z790 AORUS ELITE AX ICE/Z790 AORUS ELITE AX ICE, BIOS F3 12/14/2023
[    0.000000] DMI: Memory slots populated: 2/4
[    0.000000] secureboot: Secure boot disabled
[    0.000000] tsc: Detected 3400.000 MHz processor
[    0.000000] tsc: Detected 3417.600 MHz TSC
[    0.001192] e820: update [mem 0x00000000-0x00000fff] usable ==> reserved
[    0.001195] e820: remove [mem 0x000a0000-0x000fffff] usable
[    0.001203] last_pfn = 0x8bfc00 max_arch_pfn = 0x400000000
[    0.001208] total RAM covered: 62400M
[    0.001296] Found optimal setting for mtrr clean up
[    0.001297]  gran_size: 64K 	chunk_size: 128M 	num_reg: 6  	lose cover RAM: 0G
[    0.001301] MTRR map: 6 entries (3 fixed + 3 variable; max 23), built from 10 variable MTRRs
[    0.001302] x86/PAT: Configuration [0-7]: WB  WC  UC- UC  WB  WP  UC- WT  
[    0.001974] e820: update [mem 0x3c000000-0xffffffff] usable ==> reserved
[    0.001978] last_pfn = 0x36000 max_arch_pfn = 0x400000000
[    0.016276] esrt: Reserving ESRT space from 0x000000002f770398 to 0x000000002f770448.
[    0.016281] e820: update [mem 0x2f770000-0x2f770fff] usable ==> reserved
[    0.016300] Using GB pages for direct mapping
[    0.016301] Incomplete global flushes, disabling PCID
[    0.016944] secureboot: Secure boot disabled
[    0.016945] RAMDISK: [mem 0x22cf1000-0x26e26fff]
[    0.017220] ACPI: Early table checksum verification disabled
[    0.017224] ACPI: RSDP 0x0000000034AF1014 000024 (v02 ALASKA)
[    0.017227] ACPI: XSDT 0x0000000034AF0728 00010C (v01 ALASKA A M I    01072009 AMI  01000013)
[    0.017232] ACPI: FACP 0x0000000034A4D000 000114 (v06 ALASKA A M I    01072009 AMI  01000013)
[    0.017237] ACPI: DSDT 0x00000000349C4000 0882D3 (v02 ALASKA A M I    01072009 INTL 20200717)
[    0.017240] ACPI: FACS 0x0000000034BD3000 000040
[    0.017242] ACPI: FIDT 0x00000000349C3000 00009C (v01 ALASKA A M I    01072009 AMI  00010013)
[    0.017244] ACPI: SSDT 0x00000000349B7000 00B6D7 (v02 GBT    GSWApp   00000001 INTL 20200717)
[    0.017247] ACPI: HWIN 0x0000000034A4F000 0000D4 (v00 GBT    INTEL    00070000 AMI  01000013)
[    0.017249] ACPI: SSDT 0x00000000349B3000 0031C9 (v02 INTEL  DTbtSsdt 00001000 INTL 20200717)
[    0.017252] ACPI: SSDT 0x0000000034A4E000 00038C (v02 PmaxDv Pmax_Dev 00000001 INTL 20200717)
[    0.017254] ACPI: SSDT 0x00000000349AD000 005D34 (v02 CpuRef CpuSsdt  00003000 INTL 20200717)
[    0.017256] ACPI: SSDT 0x00000000349AA000 002A81 (v02 SaSsdt SaSsdt   00003000 INTL 20200717)
[    0.017258] ACPI: SSDT 0x00000000349A6000 00334F (v02 INTEL  IgfxSsdt 00003000 INTL 20200717)
[    0.017261] ACPI: HPET 0x00000000349A5000 000038 (v01 ALASKA A M I    01072009 AMI  01000013)
[    0.017263] ACPI: APIC 0x00000000349A4000 0001DC (v05 ALASKA A M I    01072009 AMI  01000013)
[    0.017265] ACPI: MCFG 0x00000000349A3000 00003C (v01 ALASKA A M I    01072009 AMI  01000013)
[    0.017268] ACPI: SSDT 0x000000003499A000 008595 (v02 ALASKA A M I    00001000 INTL 20200717)
[    0.017270] ACPI: SSDT 0x0000000034998000 001F1A (v02 ALASKA A M I    00001000 INTL 20200717)
[    0.017272] ACPI: NHLT 0x0000000034997000 00002D (v00 ALASKA A M I    01072009 AMI  01000013)
[    0.017274] ACPI: LPIT 0x0000000034996000 0000CC (v01 ALASKA A M I    01072009 AMI  01000013)
[    0.017277] ACPI: SSDT 0x0000000034992000 002A83 (v02 ALASKA A M I    00001000 INTL 20200717)
[    0.017279] ACPI: SSDT 0x0000000034988000 0092F4 (v02 ALASKA A M I    00000000 INTL 20200717)
[    0.017281] ACPI: DBGP 0x0000000034987000 000034 (v01 ALASKA A M I    01072009 AMI  01000013)
[    0.017283] ACPI: DBG2 0x0000000034986000 000054 (v00 ALASKA A M I    01072009 AMI  01000013)
[    0.017286] ACPI: SSDT 0x0000000034984000 00190A (v02 ALASKA A M I    00001000 INTL 20200717)
[    0.017288] ACPI: FPDT 0x0000000034983000 000044 (v01 ALASKA A M I    01072009 AMI  01000013)
[    0.017290] ACPI: SSDT 0x0000000034981000 0019FA (v02 INTEL  xh_rps14 00000000 INTL 20200717)
[    0.017293] ACPI: SSDT 0x000000003497D000 0039DA (v02 SocGpe SocGpe   00003000 INTL 20200717)
[    0.017295] ACPI: SSDT 0x0000000034979000 0039DA (v02 SocCmn SocCmn   00003000 INTL 20200717)
[    0.017297] ACPI: BGRT 0x0000000034978000 000038 (v01 ALASKA A M I    01072009 AMI  00010013)
[    0.017299] ACPI: PHAT 0x0000000034977000 000CD2 (v01 ALASKA A M I    00000005 MSFT 0100000D)
[    0.017302] ACPI: TPM2 0x0000000034976000 00004C (v04 ALASKA A M I    00000001 AMI  00000000)
[    0.017304] ACPI: WSMT 0x0000000034995000 000028 (v01 ALASKA A M I    01072009 AMI  00010013)
[    0.017306] ACPI: Reserving FACP table memory at [mem 0x34a4d000-0x34a4d113]
[    0.017307] ACPI: Reserving DSDT table memory at [mem 0x349c4000-0x34a4c2d2]
[    0.017308] ACPI: Reserving FACS table memory at [mem 0x34bd3000-0x34bd303f]
[    0.017309] ACPI: Reserving FIDT table memory at [mem 0x349c3000-0x349c309b]
[    0.017309] ACPI: Reserving SSDT table memory at [mem 0x349b7000-0x349c26d6]
[    0.017310] ACPI: Reserving HWIN table memory at [mem 0x34a4f000-0x34a4f0d3]
[    0.017310] ACPI: Reserving SSDT table memory at [mem 0x349b3000-0x349b61c8]
[    0.017311] ACPI: Reserving SSDT table memory at [mem 0x34a4e000-0x34a4e38b]
[    0.017312] ACPI: Reserving SSDT table memory at [mem 0x349ad000-0x349b2d33]
[    0.017312] ACPI: Reserving SSDT table memory at [mem 0x349aa000-0x349aca80]
[    0.017313] ACPI: Reserving SSDT table memory at [mem 0x349a6000-0x349a934e]
[    0.017314] ACPI: Reserving HPET table memory at [mem 0x349a5000-0x349a5037]
[    0.017314] ACPI: Reserving APIC table memory at [mem 0x349a4000-0x349a41db]
[    0.017315] ACPI: Reserving MCFG table memory at [mem 0x349a3000-0x349a303b]
[    0.017316] ACPI: Reserving SSDT table memory at [mem 0x3499a000-0x349a2594]
[    0.017316] ACPI: Reserving SSDT table memory at [mem 0x34998000-0x34999f19]
[    0.017317] ACPI: Reserving NHLT table memory at [mem 0x34997000-0x3499702c]
[    0.017317] ACPI: Reserving LPIT table memory at [mem 0x34996000-0x349960cb]
[    0.017318] ACPI: Reserving SSDT table memory at [mem 0x34992000-0x34994a82]
[    0.017319] ACPI: Reserving SSDT table memory at [mem 0x34988000-0x349912f3]
[    0.017319] ACPI: Reserving DBGP table memory at [mem 0x34987000-0x34987033]
[    0.017320] ACPI: Reserving DBG2 table memory at [mem 0x34986000-0x34986053]
[    0.017321] ACPI: Reserving SSDT table memory at [mem 0x34984000-0x34985909]
[    0.017321] ACPI: Reserving FPDT table memory at [mem 0x34983000-0x34983043]
[    0.017322] ACPI: Reserving SSDT table memory at [mem 0x34981000-0x349829f9]
[    0.017323] ACPI: Reserving SSDT table memory at [mem 0x3497d000-0x349809d9]
[    0.017323] ACPI: Reserving SSDT table memory at [mem 0x34979000-0x3497c9d9]
[    0.017324] ACPI: Reserving BGRT table memory at [mem 0x34978000-0x34978037]
[    0.017325] ACPI: Reserving PHAT table memory at [mem 0x34977000-0x34977cd1]
[    0.017325] ACPI: Reserving TPM2 table memory at [mem 0x34976000-0x3497604b]
[    0.017326] ACPI: Reserving WSMT table memory at [mem 0x34995000-0x34995027]
[    0.017477] No NUMA configuration found
[    0.017478] Faking a node at [mem 0x0000000000000000-0x00000008bfbfffff]
[    0.017483] NODE_DATA(0) allocated [mem 0x8bfbd5000-0x8bfbfffff]
[    0.017637] Zone ranges:
[    0.017638]   DMA      [mem 0x0000000000001000-0x0000000000ffffff]
[    0.017639]   DMA32    [mem 0x0000000001000000-0x00000000ffffffff]
[    0.017641]   Normal   [mem 0x0000000100000000-0x00000008bfbfffff]
[    0.017642]   Device   empty
[    0.017643] Movable zone start for each node
[    0.017644] Early memory node ranges
[    0.017644]   node   0: [mem 0x0000000000001000-0x000000000009dfff]
[    0.017645]   node   0: [mem 0x000000000009f000-0x000000000009ffff]
[    0.017646]   node   0: [mem 0x0000000000100000-0x0000000030d92fff]
[    0.017647]   node   0: [mem 0x0000000030d94000-0x000000003183ffff]
[    0.017648]   node   0: [mem 0x0000000035fff000-0x0000000035ffffff]
[    0.017648]   node   0: [mem 0x0000000100000000-0x00000008bfbfffff]
[    0.017650] Initmem setup node 0 [mem 0x0000000000001000-0x00000008bfbfffff]
[    0.017655] On node 0, zone DMA: 1 pages in unavailable ranges
[    0.017656] On node 0, zone DMA: 1 pages in unavailable ranges
[    0.017673] On node 0, zone DMA: 96 pages in unavailable ranges
[    0.018578] On node 0, zone DMA32: 1 pages in unavailable ranges
[    0.018696] On node 0, zone DMA32: 18367 pages in unavailable ranges
[    0.056392] On node 0, zone Normal: 8192 pages in unavailable ranges
[    0.056399] On node 0, zone Normal: 1024 pages in unavailable ranges
[    0.056785] ACPI: PM-Timer IO Port: 0x1808
[    0.056796] ACPI: LAPIC_NMI (acpi_id[0x01] high edge lint[0x1])
[    0.056798] ACPI: LAPIC_NMI (acpi_id[0x02] high edge lint[0x1])
[    0.056799] ACPI: LAPIC_NMI (acpi_id[0x03] high edge lint[0x1])
[    0.056800] ACPI: LAPIC_NMI (acpi_id[0x04] high edge lint[0x1])
[    0.056800] ACPI: LAPIC_NMI (acpi_id[0x05] high edge lint[0x1])
[    0.056801] ACPI: LAPIC_NMI (acpi_id[0x06] high edge lint[0x1])
[    0.056802] ACPI: LAPIC_NMI (acpi_id[0x07] high edge lint[0x1])
[    0.056802] ACPI: LAPIC_NMI (acpi_id[0x08] high edge lint[0x1])
[    0.056803] ACPI: LAPIC_NMI (acpi_id[0x09] high edge lint[0x1])
[    0.056803] ACPI: LAPIC_NMI (acpi_id[0x0a] high edge lint[0x1])
[    0.056804] ACPI: LAPIC_NMI (acpi_id[0x0b] high edge lint[0x1])
[    0.056804] ACPI: LAPIC_NMI (acpi_id[0x0c] high edge lint[0x1])
[    0.056805] ACPI: LAPIC_NMI (acpi_id[0x0d] high edge lint[0x1])
[    0.056806] ACPI: LAPIC_NMI (acpi_id[0x0e] high edge lint[0x1])
[    0.056806] ACPI: LAPIC_NMI (acpi_id[0x0f] high edge lint[0x1])
[    0.056807] ACPI: LAPIC_NMI (acpi_id[0x10] high edge lint[0x1])
[    0.056807] ACPI: LAPIC_NMI (acpi_id[0x11] high edge lint[0x1])
[    0.056808] ACPI: LAPIC_NMI (acpi_id[0x12] high edge lint[0x1])
[    0.056809] ACPI: LAPIC_NMI (acpi_id[0x13] high edge lint[0x1])
[    0.056809] ACPI: LAPIC_NMI (acpi_id[0x14] high edge lint[0x1])
[    0.056810] ACPI: LAPIC_NMI (acpi_id[0x15] high edge lint[0x1])
[    0.056810] ACPI: LAPIC_NMI (acpi_id[0x16] high edge lint[0x1])
[    0.056811] ACPI: LAPIC_NMI (acpi_id[0x17] high edge lint[0x1])
[    0.056812] ACPI: LAPIC_NMI (acpi_id[0x00] high edge lint[0x1])
[    0.056848] IOAPIC[0]: apic_id 2, version 32, address 0xfec00000, GSI 0-119
[    0.056851] ACPI: INT_SRC_OVR (bus 0 bus_irq 0 global_irq 2 dfl dfl)
[    0.056853] ACPI: INT_SRC_OVR (bus 0 bus_irq 9 global_irq 9 high level)
[    0.056856] ACPI: Using ACPI (MADT) for SMP configuration information
[    0.056857] ACPI: HPET id: 0x8086a201 base: 0xfed00000
[    0.056864] e820: update [mem 0x2b63b000-0x2b6fcfff] usable ==> reserved
[    0.056877] TSC deadline timer available
[    0.056879] CPU topo: Max. logical packages:   1
[    0.056880] CPU topo: Max. logical dies:       1
[    0.056881] CPU topo: Max. dies per package:   1
[    0.056883] CPU topo: Max. threads per core:   2
[    0.056884] CPU topo: Num. cores per package:    20
[    0.056885] CPU topo: Num. threads per package:  28
[    0.056885] CPU topo: Allowing 28 present CPUs plus 0 hotplug CPUs
[    0.056903] PM: hibernation: Registered nosave memory: [mem 0x00000000-0x00000fff]
[    0.056904] PM: hibernation: Registered nosave memory: [mem 0x0009e000-0x0009efff]
[    0.056906] PM: hibernation: Registered nosave memory: [mem 0x000a0000-0x000fffff]
[    0.056907] PM: hibernation: Registered nosave memory: [mem 0x2b547000-0x2b547fff]
[    0.056909] PM: hibernation: Registered nosave memory: [mem 0x2b554000-0x2b554fff]
[    0.056909] PM: hibernation: Registered nosave memory: [mem 0x2b555000-0x2b555fff]
[    0.056911] PM: hibernation: Registered nosave memory: [mem 0x2b579000-0x2b579fff]
[    0.056912] PM: hibernation: Registered nosave memory: [mem 0x2b63b000-0x2b6fcfff]
[    0.056913] PM: hibernation: Registered nosave memory: [mem 0x2f770000-0x2f770fff]
[    0.056915] PM: hibernation: Registered nosave memory: [mem 0x30d93000-0x30d93fff]
[    0.056916] PM: hibernation: Registered nosave memory: [mem 0x31840000-0x3493ffff]
[    0.056916] PM: hibernation: Registered nosave memory: [mem 0x34940000-0x34a4ffff]
[    0.056917] PM: hibernation: Registered nosave memory: [mem 0x34a50000-0x34bd3fff]
[    0.056918] PM: hibernation: Registered nosave memory: [mem 0x34bd4000-0x35ffefff]
[    0.056919] PM: hibernation: Registered nosave memory: [mem 0x36000000-0x39ffffff]
[    0.056920] PM: hibernation: Registered nosave memory: [mem 0x3a000000-0x3a7fffff]
[    0.056920] PM: hibernation: Registered nosave memory: [mem 0x3a800000-0x3abfffff]
[    0.056921] PM: hibernation: Registered nosave memory: [mem 0x3ac00000-0x3affffff]
[    0.056921] PM: hibernation: Registered nosave memory: [mem 0x3b000000-0x403fffff]
[    0.056922] PM: hibernation: Registered nosave memory: [mem 0x40400000-0xfbffffff]
[    0.056923] PM: hibernation: Registered nosave memory: [mem 0xfc000000-0xfc00ffff]
[    0.056923] PM: hibernation: Registered nosave memory: [mem 0xfc010000-0xfdffffff]
[    0.056924] PM: hibernation: Registered nosave memory: [mem 0xfe000000-0xfe010fff]
[    0.056924] PM: hibernation: Registered nosave memory: [mem 0xfe011000-0xfebfffff]
[    0.056925] PM: hibernation: Registered nosave memory: [mem 0xfec00000-0xfec00fff]
[    0.056925] PM: hibernation: Registered nosave memory: [mem 0xfec01000-0xfecfffff]
[    0.056926] PM: hibernation: Registered nosave memory: [mem 0xfed00000-0xfed00fff]
[    0.056927] PM: hibernation: Registered nosave memory: [mem 0xfed01000-0xfed1ffff]
[    0.056927] PM: hibernation: Registered nosave memory: [mem 0xfed20000-0xfed7ffff]
[    0.056928] PM: hibernation: Registered nosave memory: [mem 0xfed80000-0xfedfffff]
[    0.056928] PM: hibernation: Registered nosave memory: [mem 0xfee00000-0xfee00fff]
[    0.056929] PM: hibernation: Registered nosave memory: [mem 0xfee01000-0xffffffff]
[    0.056930] [mem 0x40400000-0xfbffffff] available for PCI devices
[    0.056931] Booting paravirtualized kernel on bare hardware
[    0.056933] clocksource: refined-jiffies: mask: 0xffffffff max_cycles: 0xffffffff, max_idle_ns: 1910969940391419 ns
[    0.056940] setup_percpu: NR_CPUS:8192 nr_cpumask_bits:28 nr_cpu_ids:28 nr_node_ids:1
[    0.058411] percpu: Embedded 88 pages/cpu s237568 r8192 d114688 u524288
[    0.058417] pcpu-alloc: s237568 r8192 d114688 u524288 alloc=1*2097152
[    0.058418] pcpu-alloc: [0] 00 01 02 03 [0] 04 05 06 07 
[    0.058423] pcpu-alloc: [0] 08 09 10 11 [0] 12 13 14 15 
[    0.058427] pcpu-alloc: [0] 16 17 18 19 [0] 20 21 22 23 
[    0.058431] pcpu-alloc: [0] 24 25 26 27 
[    0.058452] Kernel command line: BOOT_IMAGE=/boot/vmlinuz-6.11.0-26-generic root=UUID=baa3eea3-1b0b-4ab2-9e5f-86e9a8a36300 ro quiet splash pci=disable_device=0000:05:00.0 vt.handoff=7
[    0.058512] Unknown kernel command line parameters "splash BOOT_IMAGE=/boot/vmlinuz-6.11.0-26-generic", will be passed to user space.
[    0.060939] Dentry cache hash table entries: 4194304 (order: 13, 33554432 bytes, linear)
[    0.062150] Inode-cache hash table entries: 2097152 (order: 12, 16777216 bytes, linear)
[    0.062435] Fallback order for Node 0: 0 
[    0.062438] Built 1 zonelists, mobility grouping on.  Total pages: 8328158
[    0.062440] Policy zone: Normal
[    0.062448] mem auto-init: stack:all(zero), heap alloc:on, heap free:off
[    0.062453] software IO TLB: area num 32.
[    0.119350] SLUB: HWalign=64, Order=0-3, MinObjects=0, CPUs=28, Nodes=1
[    0.119406] ftrace: allocating 59249 entries in 232 pages
[    0.126514] ftrace: allocated 232 pages with 4 groups
[    0.127106] Dynamic Preempt: voluntary
[    0.127219] rcu: Preemptible hierarchical RCU implementation.
[    0.127220] rcu: 	RCU restricting CPUs from NR_CPUS=8192 to nr_cpu_ids=28.
[    0.127221] 	Trampoline variant of Tasks RCU enabled.
[    0.127222] 	Rude variant of Tasks RCU enabled.
[    0.127222] 	Tracing variant of Tasks RCU enabled.
[    0.127223] rcu: RCU calculated value of scheduler-enlistment delay is 100 jiffies.
[    0.127224] rcu: Adjusting geometry for rcu_fanout_leaf=16, nr_cpu_ids=28
[    0.127239] RCU Tasks: Setting shift to 5 and lim to 1 rcu_task_cb_adjust=1 rcu_task_cpu_ids=28.
[    0.127241] RCU Tasks Rude: Setting shift to 5 and lim to 1 rcu_task_cb_adjust=1 rcu_task_cpu_ids=28.
[    0.127243] RCU Tasks Trace: Setting shift to 5 and lim to 1 rcu_task_cb_adjust=1 rcu_task_cpu_ids=28.
[    0.129800] NR_IRQS: 524544, nr_irqs: 2280, preallocated irqs: 16
[    0.130129] rcu: srcu_init: Setting srcu_struct sizes based on contention.
[    0.130368] Console: colour dummy device 80x25
[    0.130370] printk: legacy console [tty0] enabled
[    0.130416] ACPI: Core revision 20240322
[    0.130850] clocksource: hpet: mask: 0xffffffff max_cycles: 0xffffffff, max_idle_ns: 99544814920 ns
[    0.130950] APIC: Switch to symmetric I/O mode setup
[    0.132287] x2apic: IRQ remapping doesn't support X2APIC mode
[    0.137367] ..TIMER: vector=0x30 apic1=0 pin1=2 apic2=-1 pin2=-1
[    0.141910] clocksource: tsc-early: mask: 0xffffffffffffffff max_cycles: 0x3143404a908, max_idle_ns: 440795209397 ns
[    0.141914] Calibrating delay loop (skipped), value calculated using timer frequency.. 6835.20 BogoMIPS (lpj=3417600)
[    0.141964] CPU0: Thermal monitoring enabled (TM1)
[    0.141966] x86/cpu: User Mode Instruction Prevention (UMIP) activated
[    0.142094] Last level iTLB entries: 4KB 0, 2MB 0, 4MB 0
[    0.142095] Last level dTLB entries: 4KB 0, 2MB 0, 4MB 0, 1GB 0
[    0.142098] process: using mwait in idle threads
[    0.142100] Spectre V1 : Mitigation: usercopy/swapgs barriers and __user pointer sanitization
[    0.142102] Spectre V2 : Mitigation: Enhanced / Automatic IBRS
[    0.142103] Spectre V2 : Spectre v2 / SpectreRSB mitigation: Filling RSB on context switch
[    0.142103] Spectre V2 : Spectre v2 / PBRSB-eIBRS: Retire a single CALL on VMEXIT
[    0.142105] Spectre V2 : mitigation: Enabling conditional Indirect Branch Prediction Barrier
[    0.142106] Speculative Store Bypass: Mitigation: Speculative Store Bypass disabled via prctl
[    0.142107] Register File Data Sampling: Mitigation: Clear Register File
[    0.142114] x86/fpu: Supporting XSAVE feature 0x001: 'x87 floating point registers'
[    0.142115] x86/fpu: Supporting XSAVE feature 0x002: 'SSE registers'
[    0.142116] x86/fpu: Supporting XSAVE feature 0x004: 'AVX registers'
[    0.142117] x86/fpu: Supporting XSAVE feature 0x200: 'Protection Keys User registers'
[    0.142118] x86/fpu: Supporting XSAVE feature 0x800: 'Control-flow User registers'
[    0.142119] x86/fpu: xstate_offset[2]:  576, xstate_sizes[2]:  256
[    0.142120] x86/fpu: xstate_offset[9]:  832, xstate_sizes[9]:    8
[    0.142121] x86/fpu: xstate_offset[11]:  840, xstate_sizes[11]:   16
[    0.142122] x86/fpu: Enabled xstate features 0xa07, context size is 856 bytes, using 'compacted' format.
[    0.159134] Freeing SMP alternatives memory: 48K
[    0.159137] pid_max: default: 32768 minimum: 301
[    0.161778] LSM: initializing lsm=lockdown,capability,landlock,yama,apparmor,ima,evm
[    0.161793] landlock: Up and running.
[    0.161793] Yama: becoming mindful.
[    0.161826] AppArmor: AppArmor initialized
[    0.161902] Mount-cache hash table entries: 65536 (order: 7, 524288 bytes, linear)
[    0.161942] Mountpoint-cache hash table entries: 65536 (order: 7, 524288 bytes, linear)
[    0.162471] smpboot: CPU0: Intel(R) Core(TM) i7-14700K (family: 0x6, model: 0xb7, stepping: 0x1)
[    0.162609] Performance Events: XSAVE Architectural LBR, PEBS fmt4+-baseline,  AnyThread deprecated, Alderlake Hybrid events, 32-deep LBR, full-width counters, Intel PMU driver.
[    0.162777] core: cpu_core PMU driver: 
[    0.162778] ... version:                5
[    0.162779] ... bit width:              48
[    0.162780] ... generic registers:      8
[    0.162780] ... value mask:             0000ffffffffffff
[    0.162781] ... max period:             00007fffffffffff
[    0.162782] ... fixed-purpose events:   4
[    0.162782] ... event mask:             0001000f000000ff
[    0.162812] signal: max sigframe size: 3632
[    0.162827] Estimated ratio of average max frequency by base frequency (times 1024): 1656
[    0.163212] rcu: Hierarchical SRCU implementation.
[    0.163213] rcu: 	Max phase no-delay instances is 400.
[    0.163240] Timer migration: 2 hierarchy levels; 8 children per group; 2 crossnode level
[    0.164389] NMI watchdog: Enabled. Permanently consumes one hw-PMU counter.
[    0.164552] smp: Bringing up secondary CPUs ...
[    0.164618] smpboot: x86: Booting SMP configuration:
[    0.164619] .... node  #0, CPUs:        #2  #4  #6  #8 #10 #12 #14 #16 #17 #18 #19 #20 #21 #22 #23 #24 #25 #26 #27
[    0.005602] core: cpu_atom PMU driver: 
[    0.005602] ... version:                5
[    0.005602] ... bit width:              48
[    0.005602] ... generic registers:      6
[    0.005602] ... value mask:             0000ffffffffffff
[    0.005602] ... max period:             00007fffffffffff
[    0.005602] ... fixed-purpose events:   3
[    0.005602] ... event mask:             000000070000003f
[    0.174998]   #1  #3  #5  #7  #9 #11 #13 #15
[    0.181961] smp: Brought up 1 node, 28 CPUs
[    0.181961] smpboot: Total of 28 processors activated (191385.60 BogoMIPS)
[    0.183110] Memory: 32502048K/33312632K available (22528K kernel code, 4521K rwdata, 14928K rodata, 5104K init, 4520K bss, 769720K reserved, 0K cma-reserved)
[    0.183782] devtmpfs: initialized
[    0.183921] x86/mm: Memory block size: 128MB
[    0.185723] ACPI: PM: Registering ACPI NVS region [mem 0x34a50000-0x34bd3fff] (1589248 bytes)
[    0.185723] clocksource: jiffies: mask: 0xffffffff max_cycles: 0xffffffff, max_idle_ns: 1911260446275000 ns
[    0.185723] futex hash table entries: 8192 (order: 7, 524288 bytes, linear)
[    0.185723] pinctrl core: initialized pinctrl subsystem
[    0.186138] PM: RTC time: 10:04:14, date: 2025-05-22
[    0.186482] NET: Registered PF_NETLINK/PF_ROUTE protocol family
[    0.186841] DMA: preallocated 4096 KiB GFP_KERNEL pool for atomic allocations
[    0.187126] DMA: preallocated 4096 KiB GFP_KERNEL|GFP_DMA pool for atomic allocations
[    0.187433] DMA: preallocated 4096 KiB GFP_KERNEL|GFP_DMA32 pool for atomic allocations
[    0.187440] audit: initializing netlink subsys (disabled)
[    0.187457] audit: type=2000 audit(1747908254.052:1): state=initialized audit_enabled=0 res=1
[    0.187457] thermal_sys: Registered thermal governor 'fair_share'
[    0.187457] thermal_sys: Registered thermal governor 'bang_bang'
[    0.187457] thermal_sys: Registered thermal governor 'step_wise'
[    0.187457] thermal_sys: Registered thermal governor 'user_space'
[    0.187457] thermal_sys: Registered thermal governor 'power_allocator'
[    0.187457] EISA bus registered
[    0.187457] cpuidle: using governor ladder
[    0.187457] cpuidle: using governor menu
[    0.187457] ACPI FADT declares the system doesn't support PCIe ASPM, so disable it
[    0.187457] acpiphp: ACPI Hot Plug PCI Controller Driver version: 0.5
[    0.187457] PCI: ECAM [mem 0xc0000000-0xcfffffff] (base 0xc0000000) for domain 0000 [bus 00-ff]
[    0.187457] PCI: Using configuration type 1 for base access
[    0.187939] kprobes: kprobe jump-optimization is enabled. All kprobes are optimized if possible.
[    0.188133] HugeTLB: registered 1.00 GiB page size, pre-allocated 0 pages
[    0.188134] HugeTLB: 16380 KiB vmemmap can be freed for a 1.00 GiB page
[    0.188136] HugeTLB: registered 2.00 MiB page size, pre-allocated 0 pages
[    0.188137] HugeTLB: 28 KiB vmemmap can be freed for a 2.00 MiB page
[    0.188413] ACPI: Added _OSI(Module Device)
[    0.188413] ACPI: Added _OSI(Processor Device)
[    0.188413] ACPI: Added _OSI(3.0 _SCP Extensions)
[    0.188413] ACPI: Added _OSI(Processor Aggregator Device)
[    0.282633] ACPI: 15 ACPI AML tables successfully acquired and loaded
[    0.869739] ACPI: Dynamic OEM Table Load:
[    0.869749] ACPI: SSDT 0xFFFF9F0E0191E000 000394 (v02 PmRef  Cpu0Cst  00003001 INTL 20200717)
[    0.871295] ACPI: Dynamic OEM Table Load:
[    0.871300] ACPI: SSDT 0xFFFF9F0E0346C000 000689 (v02 PmRef  Cpu0Ist  00003000 INTL 20200717)
[    0.872663] ACPI: Dynamic OEM Table Load:
[    0.872667] ACPI: SSDT 0xFFFF9F0E0342E400 0001AB (v02 PmRef  Cpu0Psd  00003000 INTL 20200717)
[    0.873910] ACPI: Dynamic OEM Table Load:
[    0.873915] ACPI: SSDT 0xFFFF9F0E0346A800 0004B5 (v02 PmRef  Cpu0Hwp  00003000 INTL 20200717)
[    0.875620] ACPI: Dynamic OEM Table Load:
[    0.875632] ACPI: SSDT 0xFFFF9F0E03478000 001BAF (v02 PmRef  ApIst    00003000 INTL 20200717)
[    0.877663] ACPI: Dynamic OEM Table Load:
[    0.877669] ACPI: SSDT 0xFFFF9F0E0347E000 001038 (v02 PmRef  ApHwp    00003000 INTL 20200717)
[    0.879474] ACPI: Dynamic OEM Table Load:
[    0.879480] ACPI: SSDT 0xFFFF9F0E0347A000 001349 (v02 PmRef  ApPsd    00003000 INTL 20200717)
[    0.881334] ACPI: Dynamic OEM Table Load:
[    0.881339] ACPI: SSDT 0xFFFF9F0E03489000 000FBB (v02 PmRef  ApCst    00003000 INTL 20200717)
[    0.895528] ACPI: Interpreter enabled
[    0.895589] ACPI: PM: (supports S0 S3 S4 S5)
[    0.895590] ACPI: Using IOAPIC for interrupt routing
[    0.897242] PCI: Using host bridge windows from ACPI; if necessary, use "pci=nocrs" and report a bug
[    0.897243] PCI: Ignoring E820 reservations for host bridge windows
[    0.898546] ACPI: Enabled 7 GPEs in block 00 to 7F
[    0.919880] ACPI: \_SB_.PC00.XHCI.RHUB.HS14.BTRT: New power resource
[    0.919901] ACPI: \_SB_.PC00.XHCI.RHUB.HS14.DBTR: New power resource
[    0.921442] ACPI: \_SB_.PC00.PAUD: New power resource
[    0.924868] ACPI: \_SB_.PC00.I2C1.PXTC: New power resource
[    0.928423] ACPI: \_SB_.PC00.CNVW.WRST: New power resource
[    0.942213] ACPI: \_TZ_.FN00: New power resource
[    0.942273] ACPI: \_TZ_.FN01: New power resource
[    0.942330] ACPI: \_TZ_.FN02: New power resource
[    0.942393] ACPI: \_TZ_.FN03: New power resource
[    0.942449] ACPI: \_TZ_.FN04: New power resource
[    0.943056] ACPI: \PIN_: New power resource
[    0.943283] ACPI: \SPR4: New power resource
[    0.943343] ACPI: \SPR5: New power resource
[    0.943404] ACPI: \SPR6: New power resource
[    0.943669] ACPI: PCI Root Bridge [PC00] (domain 0000 [bus 00-fe])
[    0.943674] acpi PNP0A08:00: _OSC: OS supports [ExtendedConfig ASPM ClockPM Segments MSI EDR HPX-Type3]
[    0.947100] acpi PNP0A08:00: _OSC: OS now controls [PCIeHotplug SHPCHotplug PME AER PCIeCapability LTR DPC]
[    0.947102] acpi PNP0A08:00: FADT indicates ASPM is unsupported, using BIOS configuration
[    0.948568] PCI host bridge to bus 0000:00
[    0.948571] pci_bus 0000:00: root bus resource [io  0x0000-0x0cf7 window]
[    0.948573] pci_bus 0000:00: root bus resource [io  0x0d00-0xffff window]
[    0.948574] pci_bus 0000:00: root bus resource [mem 0x000a0000-0x000bffff window]
[    0.948576] pci_bus 0000:00: root bus resource [mem 0x000e0000-0x000fffff window]
[    0.948577] pci_bus 0000:00: root bus resource [mem 0x40400000-0xbfffffff window]
[    0.948578] pci_bus 0000:00: root bus resource [bus 00-fe]
[    0.948615] pci 0000:00:00.0: [8086:a740] type 00 class 0x060000 conventional PCI endpoint
[    0.948732] pci 0000:00:01.0: [8086:a70d] type 01 class 0x060400 PCIe Root Port
[    0.948743] pci 0000:00:01.0: PCI bridge to [bus 01]
[    0.948746] pci 0000:00:01.0:   bridge window [io  0x5000-0x5fff]
[    0.948748] pci 0000:00:01.0:   bridge window [mem 0x42000000-0x430fffff]
[    0.948752] pci 0000:00:01.0:   bridge window [mem 0x60000000-0x71ffffff 64bit pref]
[    0.948788] pci 0000:00:01.0: PME# supported from D0 D3hot D3cold
[    0.948804] pci 0000:00:01.0: PTM enabled (root), 4ns granularity
[    0.949458] pci 0000:00:02.0: [8086:a780] type 00 class 0x038000 PCIe Root Complex Integrated Endpoint
[    0.949471] pci 0000:00:02.0: BAR 0 [mem 0x41000000-0x41ffffff 64bit]
[    0.949473] pci 0000:00:02.0: BAR 2 [mem 0x50000000-0x5fffffff 64bit pref]
[    0.949475] pci 0000:00:02.0: BAR 4 [io  0x6000-0x603f]
[    0.949484] pci 0000:00:02.0: DMAR: Skip IOMMU disabling for graphics
[    0.949505] pci 0000:00:02.0: VF BAR 0 [mem 0x00000000-0x00ffffff 64bit]
[    0.949507] pci 0000:00:02.0: VF BAR 0 [mem 0x00000000-0x06ffffff 64bit]: contains BAR 0 for 7 VFs
[    0.949509] pci 0000:00:02.0: VF BAR 2 [mem 0x00000000-0x1fffffff 64bit pref]
[    0.949510] pci 0000:00:02.0: VF BAR 2 [mem 0x00000000-0xdfffffff 64bit pref]: contains BAR 2 for 7 VFs
[    0.949664] pci 0000:00:06.0: [8086:a74d] type 01 class 0x060400 PCIe Root Port
[    0.949676] pci 0000:00:06.0: PCI bridge to [bus 02]
[    0.949679] pci 0000:00:06.0:   bridge window [mem 0x43f00000-0x43ffffff]
[    0.949719] pci 0000:00:06.0: PME# supported from D0 D3hot D3cold
[    0.949737] pci 0000:00:06.0: PTM enabled (root), 4ns granularity
[    0.950438] pci 0000:00:14.0: [8086:7a60] type 00 class 0x0c0330 conventional PCI endpoint
[    0.950477] pci 0000:00:14.0: BAR 0 [mem 0x44000000-0x4400ffff 64bit]
[    0.950521] pci 0000:00:14.0: PME# supported from D3hot D3cold
[    0.951191] pci 0000:00:14.2: [8086:7a27] type 00 class 0x050000 conventional PCI endpoint
[    0.951238] pci 0000:00:14.2: BAR 0 [mem 0x44018000-0x4401bfff 64bit]
[    0.951242] pci 0000:00:14.2: BAR 2 [mem 0x44028000-0x44028fff 64bit]
[    0.951369] pci 0000:00:14.3: [8086:7a70] type 00 class 0x028000 PCIe Root Complex Integrated Endpoint
[    0.951439] pci 0000:00:14.3: BAR 0 [mem 0x44014000-0x44017fff 64bit]
[    0.951537] pci 0000:00:14.3: PME# supported from D0 D3hot D3cold
[    0.951786] pci 0000:00:15.0: [8086:7a4c] type 00 class 0x0c8000 conventional PCI endpoint
[    0.951839] pci 0000:00:15.0: BAR 0 [mem 0xfe0f9000-0xfe0f9fff 64bit]
[    0.952137] pci 0000:00:15.1: [8086:7a4d] type 00 class 0x0c8000 conventional PCI endpoint
[    0.952191] pci 0000:00:15.1: BAR 0 [mem 0xfe0fa000-0xfe0fafff 64bit]
[    0.952475] pci 0000:00:15.2: [8086:7a4e] type 00 class 0x0c8000 conventional PCI endpoint
[    0.952529] pci 0000:00:15.2: BAR 0 [mem 0xfe0fb000-0xfe0fbfff 64bit]
[    0.952808] pci 0000:00:15.3: [8086:7a4f] type 00 class 0x0c8000 conventional PCI endpoint
[    0.952863] pci 0000:00:15.3: BAR 0 [mem 0xfe0fc000-0xfe0fcfff 64bit]
[    0.953163] pci 0000:00:16.0: [8086:7a68] type 00 class 0x078000 conventional PCI endpoint
[    0.953213] pci 0000:00:16.0: BAR 0 [mem 0x44023000-0x44023fff 64bit]
[    0.953264] pci 0000:00:16.0: PME# supported from D3hot
[    0.953826] pci 0000:00:17.0: [8086:7a62] type 00 class 0x010601 conventional PCI endpoint
[    0.953864] pci 0000:00:17.0: BAR 0 [mem 0x4401c000-0x4401dfff]
[    0.953868] pci 0000:00:17.0: BAR 1 [mem 0x44022000-0x440220ff]
[    0.953872] pci 0000:00:17.0: BAR 2 [io  0x6090-0x6097]
[    0.953877] pci 0000:00:17.0: BAR 3 [io  0x6080-0x6083]
[    0.953881] pci 0000:00:17.0: BAR 4 [io  0x6060-0x607f]
[    0.953885] pci 0000:00:17.0: BAR 5 [mem 0x44021000-0x440217ff]
[    0.953925] pci 0000:00:17.0: PME# supported from D3hot
[    0.954254] pci 0000:00:19.0: [8086:7a7c] type 00 class 0x0c8000 conventional PCI endpoint
[    0.954310] pci 0000:00:19.0: BAR 0 [mem 0x44020000-0x44020fff 64bit]
[    0.954592] pci 0000:00:19.1: [8086:7a7d] type 00 class 0x0c8000 conventional PCI endpoint
[    0.954646] pci 0000:00:19.1: BAR 0 [mem 0x4401f000-0x4401ffff 64bit]
[    0.954959] pci 0000:00:1a.0: [8086:7a48] type 01 class 0x060400 PCIe Root Port
[    0.954983] pci 0000:00:1a.0: PCI bridge to [bus 03]
[    0.954988] pci 0000:00:1a.0:   bridge window [mem 0x43e00000-0x43efffff]
[    0.955078] pci 0000:00:1a.0: PME# supported from D0 D3hot D3cold
[    0.955120] pci 0000:00:1a.0: PTM enabled (root), 4ns granularity
[    0.955831] pci 0000:00:1b.0: [8086:7a40] type 01 class 0x060400 PCIe Root Port
[    0.955858] pci 0000:00:1b.0: PCI bridge to [bus 04]
[    0.956574] pci 0000:00:1b.4: [8086:7a44] type 01 class 0x060400 PCIe Root Port
[    0.956598] pci 0000:00:1b.4: PCI bridge to [bus 05]
[    0.956604] pci 0000:00:1b.4:   bridge window [mem 0x43d00000-0x43dfffff]
[    0.956694] pci 0000:00:1b.4: PME# supported from D0 D3hot D3cold
[    0.956736] pci 0000:00:1b.4: PTM enabled (root), 4ns granularity
[    0.957432] pci 0000:00:1c.0: [8086:7a38] type 01 class 0x060400 PCIe Root Port
[    0.957455] pci 0000:00:1c.0: PCI bridge to [bus 06]
[    0.957459] pci 0000:00:1c.0:   bridge window [io  0x4000-0x4fff]
[    0.957462] pci 0000:00:1c.0:   bridge window [mem 0x43200000-0x43bfffff]
[    0.957471] pci 0000:00:1c.0:   bridge window [mem 0x72100000-0x72afffff 64bit pref]
[    0.958163] pci 0000:00:1c.2: [8086:7a3a] type 01 class 0x060400 PCIe Root Port
[    0.958187] pci 0000:00:1c.2: PCI bridge to [bus 07]
[    0.958191] pci 0000:00:1c.2:   bridge window [io  0x3000-0x3fff]
[    0.958193] pci 0000:00:1c.2:   bridge window [mem 0x43c00000-0x43cfffff]
[    0.958274] pci 0000:00:1c.2: PME# supported from D0 D3hot D3cold
[    0.958309] pci 0000:00:1c.2: PTM enabled (root), 4ns granularity
[    0.958988] pci 0000:00:1f.0: [8086:7a04] type 00 class 0x060100 conventional PCI endpoint
[    0.959326] pci 0000:00:1f.3: [8086:7a50] type 00 class 0x040300 conventional PCI endpoint
[    0.959424] pci 0000:00:1f.3: BAR 0 [mem 0x44010000-0x44013fff 64bit]
[    0.959436] pci 0000:00:1f.3: BAR 4 [mem 0x43100000-0x431fffff 64bit]
[    0.959525] pci 0000:00:1f.3: PME# supported from D3hot D3cold
[    0.959618] pci 0000:00:1f.4: [8086:7a23] type 00 class 0x0c0500 conventional PCI endpoint
[    0.959667] pci 0000:00:1f.4: BAR 0 [mem 0x4401e000-0x4401e0ff 64bit]
[    0.959674] pci 0000:00:1f.4: BAR 4 [io  0xefa0-0xefbf]
[    0.959914] pci 0000:00:1f.5: [8086:7a24] type 00 class 0x0c8000 conventional PCI endpoint
[    0.959967] pci 0000:00:1f.5: BAR 0 [mem 0xfe010000-0xfe010fff]
[    0.960058] pci 0000:01:00.0: [10de:2704] type 00 class 0x030000 PCIe Legacy Endpoint
[    0.960079] pci 0000:01:00.0: BAR 0 [mem 0x42000000-0x42ffffff]
[    0.960081] pci 0000:01:00.0: BAR 1 [mem 0x60000000-0x6fffffff 64bit pref]
[    0.960083] pci 0000:01:00.0: BAR 3 [mem 0x70000000-0x71ffffff 64bit pref]
[    0.960084] pci 0000:01:00.0: BAR 5 [io  0x5000-0x507f]
[    0.960086] pci 0000:01:00.0: ROM [mem 0x43000000-0x4307ffff pref]
[    0.960126] pci 0000:01:00.0: PME# supported from D0 D3hot
[    0.960254] pci 0000:01:00.1: [10de:22bb] type 00 class 0x040300 PCIe Endpoint
[    0.960273] pci 0000:01:00.1: BAR 0 [mem 0x43080000-0x43083fff]
[    0.960354] pci 0000:00:01.0: PCI bridge to [bus 01]
[    0.960391] pci 0000:02:00.0: [15b7:5030] type 00 class 0x010802 PCIe Endpoint
[    0.960416] pci 0000:02:00.0: BAR 0 [mem 0x43f00000-0x43f03fff 64bit]
[    0.960568] pci 0000:00:06.0: PCI bridge to [bus 02]
[    0.960638] pci 0000:03:00.0: [1c5c:1959] type 00 class 0x010802 PCIe Endpoint
[    0.960685] pci 0000:03:00.0: BAR 0 [mem 0x43e00000-0x43e03fff 64bit]
[    0.960968] pci 0000:00:1a.0: PCI bridge to [bus 03]
[    0.961024] pci 0000:00:1b.0: PCI bridge to [bus 04]
[    0.961114] pci 0000:05:00.0: [c0a9:5415] type 00 class 0x010802 PCIe Endpoint
[    0.961203] pci 0000:05:00.0: BAR 0 [mem 0x43d00000-0x43d03fff 64bit]
[    0.961763] pci 0000:00:1b.4: PCI bridge to [bus 05]
[    0.961810] pci 0000:00:1c.0: PCI bridge to [bus 06]
[    0.961889] pci 0000:07:00.0: [10ec:8125] type 00 class 0x020000 PCIe Endpoint
[    0.961950] pci 0000:07:00.0: BAR 0 [io  0x3000-0x30ff]
[    0.961956] pci 0000:07:00.0: BAR 2 [mem 0x43c00000-0x43c0ffff 64bit]
[    0.961961] pci 0000:07:00.0: BAR 4 [mem 0x43c10000-0x43c13fff 64bit]
[    0.962091] pci 0000:07:00.0: supports D1 D2
[    0.962092] pci 0000:07:00.0: PME# supported from D0 D1 D2 D3hot D3cold
[    0.962348] pci 0000:00:1c.2: PCI bridge to [bus 07]
[    0.964080] ACPI: PCI: Interrupt link LNKA configured for IRQ 0
[    0.964194] ACPI: PCI: Interrupt link LNKB configured for IRQ 1
[    0.964307] ACPI: PCI: Interrupt link LNKC configured for IRQ 0
[    0.964418] ACPI: PCI: Interrupt link LNKD configured for IRQ 0
[    0.964529] ACPI: PCI: Interrupt link LNKE configured for IRQ 0
[    0.964640] ACPI: PCI: Interrupt link LNKF configured for IRQ 0
[    0.964751] ACPI: PCI: Interrupt link LNKG configured for IRQ 0
[    0.964862] ACPI: PCI: Interrupt link LNKH configured for IRQ 0
[    0.973301] iommu: Default domain type: Translated
[    0.973301] iommu: DMA domain TLB invalidation policy: lazy mode
[    0.973301] SCSI subsystem initialized
[    0.973301] libata version 3.00 loaded.
[    0.973301] ACPI: bus type USB registered
[    0.973301] usbcore: registered new interface driver usbfs
[    0.973301] usbcore: registered new interface driver hub
[    0.973301] usbcore: registered new device driver usb
[    0.973301] pps_core: LinuxPPS API ver. 1 registered
[    0.973301] pps_core: Software ver. 5.3.6 - Copyright 2005-2007 Rodolfo Giometti <giometti@linux.it>
[    0.973301] PTP clock support registered
[    0.973301] EDAC MC: Ver: 3.0.0
[    0.973979] efivars: Registered efivars operations
[    0.974146] NetLabel: Initializing
[    0.974147] NetLabel:  domain hash size = 128
[    0.974148] NetLabel:  protocols = UNLABELED CIPSOv4 CALIPSO
[    0.974164] NetLabel:  unlabeled traffic allowed by default
[    0.974174] mctp: management component transport protocol core
[    0.974174] NET: Registered PF_MCTP protocol family
[    0.974174] PCI: Using ACPI for IRQ routing
[    0.996564] PCI: pci_cache_line_size set to 64 bytes
[    0.996591] pci 0000:00:15.0: BAR 0 [mem 0xfe0f9000-0xfe0f9fff 64bit]: can't claim; no compatible bridge window
[    0.996595] pci 0000:00:15.1: BAR 0 [mem 0xfe0fa000-0xfe0fafff 64bit]: can't claim; no compatible bridge window
[    0.996598] pci 0000:00:15.2: BAR 0 [mem 0xfe0fb000-0xfe0fbfff 64bit]: can't claim; no compatible bridge window
[    0.996601] pci 0000:00:15.3: BAR 0 [mem 0xfe0fc000-0xfe0fcfff 64bit]: can't claim; no compatible bridge window
[    0.996638] pci 0000:00:1f.5: BAR 0 [mem 0xfe010000-0xfe010fff]: can't claim; no compatible bridge window
[    0.996696] e820: reserve RAM buffer [mem 0x0009e000-0x0009ffff]
[    0.996698] e820: reserve RAM buffer [mem 0x2b547018-0x2bffffff]
[    0.996699] e820: reserve RAM buffer [mem 0x2b555018-0x2bffffff]
[    0.996700] e820: reserve RAM buffer [mem 0x2b63b000-0x2bffffff]
[    0.996701] e820: reserve RAM buffer [mem 0x2f770000-0x2fffffff]
[    0.996701] e820: reserve RAM buffer [mem 0x30d93000-0x33ffffff]
[    0.996702] e820: reserve RAM buffer [mem 0x31840000-0x33ffffff]
[    0.996703] e820: reserve RAM buffer [mem 0x36000000-0x37ffffff]
[    0.996704] e820: reserve RAM buffer [mem 0x8bfc00000-0x8bfffffff]
[    0.996920] pci 0000:01:00.0: vgaarb: setting as boot VGA device
[    0.996921] pci 0000:01:00.0: vgaarb: bridge control possible
[    0.996922] pci 0000:01:00.0: vgaarb: VGA device added: decodes=io+mem,owns=none,locks=none
[    0.996923] vgaarb: loaded
[    0.996970] hpet0: at MMIO 0xfed00000, IRQs 2, 8, 0, 0, 0, 0, 0, 0
[    0.996975] hpet0: 8 comparators, 64-bit 19.200000 MHz counter
[    0.998944] clocksource: Switched to clocksource tsc-early
[    0.999410] VFS: Disk quotas dquot_6.6.0
[    0.999418] VFS: Dquot-cache hash table entries: 512 (order 0, 4096 bytes)
[    0.999534] AppArmor: AppArmor Filesystem Enabled
[    0.999561] pnp: PnP ACPI init
[    0.999821] system 00:00: [io  0x0a00-0x0a2f] has been reserved
[    0.999823] system 00:00: [io  0x0a30-0x0a3f] has been reserved
[    0.999825] system 00:00: [io  0x0a40-0x0a4f] has been reserved
[    0.999952] system 00:01: [io  0x0680-0x069f] has been reserved
[    0.999954] system 00:01: [io  0x164e-0x164f] has been reserved
[    1.000078] system 00:02: [io  0x1854-0x1857] has been reserved
[    1.000162] system 00:03: [mem 0xfc000000-0xfc00ffff] has been reserved
[    1.001226] pnp 00:04: disabling [mem 0xc0000000-0xcfffffff] because it overlaps 0000:00:02.0 BAR 9 [mem 0x00000000-0xdfffffff 64bit pref]
[    1.001248] system 00:04: [mem 0xfedc0000-0xfedc7fff] has been reserved
[    1.001250] system 00:04: [mem 0xfeda0000-0xfeda0fff] has been reserved
[    1.001251] system 00:04: [mem 0xfeda1000-0xfeda1fff] has been reserved
[    1.001252] system 00:04: [mem 0xfed20000-0xfed7ffff] could not be reserved
[    1.001254] system 00:04: [mem 0xfed90000-0xfed93fff] has been reserved
[    1.001255] system 00:04: [mem 0xfed45000-0xfed8ffff] could not be reserved
[    1.001256] system 00:04: [mem 0xfee00000-0xfeefffff] could not be reserved
[    1.002122] system 00:05: [io  0x2000-0x20fe] has been reserved
[    1.003045] pnp: PnP ACPI: found 7 devices
[    1.008604] clocksource: acpi_pm: mask: 0xffffff max_cycles: 0xffffff, max_idle_ns: 2085701024 ns
[    1.008657] NET: Registered PF_INET protocol family
[    1.008933] IP idents hash table entries: 262144 (order: 9, 2097152 bytes, linear)
[    1.022048] tcp_listen_portaddr_hash hash table entries: 16384 (order: 6, 262144 bytes, linear)
[    1.022081] Table-perturb hash table entries: 65536 (order: 6, 262144 bytes, linear)
[    1.022179] TCP established hash table entries: 262144 (order: 9, 2097152 bytes, linear)
[    1.022601] TCP bind hash table entries: 65536 (order: 9, 2097152 bytes, linear)
[    1.022696] TCP: Hash tables configured (established 262144 bind 65536)
[    1.022894] MPTCP token hash table entries: 32768 (order: 7, 786432 bytes, linear)
[    1.022992] UDP hash table entries: 16384 (order: 7, 524288 bytes, linear)
[    1.023098] UDP-Lite hash table entries: 16384 (order: 7, 524288 bytes, linear)
[    1.023180] NET: Registered PF_UNIX/PF_LOCAL protocol family
[    1.023186] NET: Registered PF_XDP protocol family
[    1.023191] pci_bus 0000:00: max bus depth: 1 pci_try_num: 2
[    1.023201] pci 0000:00:02.0: VF BAR 2 [mem size 0xe0000000 64bit pref]: can't assign; no space
[    1.023203] pci 0000:00:02.0: VF BAR 2 [mem size 0xe0000000 64bit pref]: failed to assign
[    1.023206] pci 0000:00:02.0: VF BAR 0 [mem 0x45000000-0x4bffffff 64bit]: assigned
[    1.023209] pci 0000:00:15.0: BAR 0 [mem 0x40400000-0x40400fff 64bit]: assigned
[    1.023224] pci 0000:00:15.1: BAR 0 [mem 0x40401000-0x40401fff 64bit]: assigned
[    1.023235] pci 0000:00:15.2: BAR 0 [mem 0x40402000-0x40402fff 64bit]: assigned
[    1.023246] pci 0000:00:15.3: BAR 0 [mem 0x40403000-0x40403fff 64bit]: assigned
[    1.023258] pci 0000:00:1f.5: BAR 0 [mem 0x40404000-0x40404fff]: assigned
[    1.023269] pci 0000:00:01.0: PCI bridge to [bus 01]
[    1.023270] pci 0000:00:01.0:   bridge window [io  0x5000-0x5fff]
[    1.023273] pci 0000:00:01.0:   bridge window [mem 0x42000000-0x430fffff]
[    1.023274] pci 0000:00:01.0:   bridge window [mem 0x60000000-0x71ffffff 64bit pref]
[    1.023277] pci 0000:00:06.0: PCI bridge to [bus 02]
[    1.023280] pci 0000:00:06.0:   bridge window [mem 0x43f00000-0x43ffffff]
[    1.023284] pci 0000:00:1a.0: PCI bridge to [bus 03]
[    1.023293] pci 0000:00:1a.0:   bridge window [mem 0x43e00000-0x43efffff]
[    1.023300] pci 0000:00:1b.0: PCI bridge to [bus 04]
[    1.023312] pci 0000:00:1b.4: PCI bridge to [bus 05]
[    1.023316] pci 0000:00:1b.4:   bridge window [mem 0x43d00000-0x43dfffff]
[    1.023322] pci 0000:00:1c.0: PCI bridge to [bus 06]
[    1.023324] pci 0000:00:1c.0:   bridge window [io  0x4000-0x4fff]
[    1.023328] pci 0000:00:1c.0:   bridge window [mem 0x43200000-0x43bfffff]
[    1.023330] pci 0000:00:1c.0:   bridge window [mem 0x72100000-0x72afffff 64bit pref]
[    1.023335] pci 0000:00:1c.2: PCI bridge to [bus 07]
[    1.023337] pci 0000:00:1c.2:   bridge window [io  0x3000-0x3fff]
[    1.023341] pci 0000:00:1c.2:   bridge window [mem 0x43c00000-0x43cfffff]
[    1.023347] pci_bus 0000:00: No. 2 try to assign unassigned res
[    1.023352] pci 0000:00:02.0: VF BAR 2 [mem size 0xe0000000 64bit pref]: can't assign; no space
[    1.023354] pci 0000:00:02.0: VF BAR 2 [mem size 0xe0000000 64bit pref]: failed to assign
[    1.023355] pci 0000:00:01.0: PCI bridge to [bus 01]
[    1.023356] pci 0000:00:01.0:   bridge window [io  0x5000-0x5fff]
[    1.023359] pci 0000:00:01.0:   bridge window [mem 0x42000000-0x430fffff]
[    1.023360] pci 0000:00:01.0:   bridge window [mem 0x60000000-0x71ffffff 64bit pref]
[    1.023363] pci 0000:00:06.0: PCI bridge to [bus 02]
[    1.023365] pci 0000:00:06.0:   bridge window [mem 0x43f00000-0x43ffffff]
[    1.023369] pci 0000:00:1a.0: PCI bridge to [bus 03]
[    1.023379] pci 0000:00:1a.0:   bridge window [mem 0x43e00000-0x43efffff]
[    1.023386] pci 0000:00:1b.0: PCI bridge to [bus 04]
[    1.023398] pci 0000:00:1b.4: PCI bridge to [bus 05]
[    1.023402] pci 0000:00:1b.4:   bridge window [mem 0x43d00000-0x43dfffff]
[    1.023408] pci 0000:00:1c.0: PCI bridge to [bus 06]
[    1.023410] pci 0000:00:1c.0:   bridge window [io  0x4000-0x4fff]
[    1.023414] pci 0000:00:1c.0:   bridge window [mem 0x43200000-0x43bfffff]
[    1.023416] pci 0000:00:1c.0:   bridge window [mem 0x72100000-0x72afffff 64bit pref]
[    1.023421] pci 0000:00:1c.2: PCI bridge to [bus 07]
[    1.023423] pci 0000:00:1c.2:   bridge window [io  0x3000-0x3fff]
[    1.023427] pci 0000:00:1c.2:   bridge window [mem 0x43c00000-0x43cfffff]
[    1.023433] pci_bus 0000:00: Automatically enabled pci realloc, if you have problem, try booting with pci=realloc=off
[    1.023434] pci_bus 0000:00: resource 4 [io  0x0000-0x0cf7 window]
[    1.023435] pci_bus 0000:00: resource 5 [io  0x0d00-0xffff window]
[    1.023437] pci_bus 0000:00: resource 6 [mem 0x000a0000-0x000bffff window]
[    1.023438] pci_bus 0000:00: resource 7 [mem 0x000e0000-0x000fffff window]
[    1.023439] pci_bus 0000:00: resource 8 [mem 0x40400000-0xbfffffff window]
[    1.023440] pci_bus 0000:01: resource 0 [io  0x5000-0x5fff]
[    1.023441] pci_bus 0000:01: resource 1 [mem 0x42000000-0x430fffff]
[    1.023442] pci_bus 0000:01: resource 2 [mem 0x60000000-0x71ffffff 64bit pref]
[    1.023443] pci_bus 0000:02: resource 1 [mem 0x43f00000-0x43ffffff]
[    1.023444] pci_bus 0000:03: resource 1 [mem 0x43e00000-0x43efffff]
[    1.023445] pci_bus 0000:05: resource 1 [mem 0x43d00000-0x43dfffff]
[    1.023446] pci_bus 0000:06: resource 0 [io  0x4000-0x4fff]
[    1.023447] pci_bus 0000:06: resource 1 [mem 0x43200000-0x43bfffff]
[    1.023448] pci_bus 0000:06: resource 2 [mem 0x72100000-0x72afffff 64bit pref]
[    1.023449] pci_bus 0000:07: resource 0 [io  0x3000-0x3fff]
[    1.023450] pci_bus 0000:07: resource 1 [mem 0x43c00000-0x43cfffff]
[    1.023958] pci 0000:01:00.1: extending delay after power-on from D3hot to 20 msec
[    1.023980] pci 0000:01:00.1: D0 power state depends on 0000:01:00.0
[    1.024000] PCI: CLS 64 bytes, default 64
[    1.024024] PCI-DMA: Using software bounce buffering for IO (SWIOTLB)
[    1.024024] software IO TLB: mapped [mem 0x000000001ecf1000-0x0000000022cf1000] (64MB)
[    1.024059] Trying to unpack rootfs image as initramfs...
[    1.024702] clocksource: tsc: mask: 0xffffffffffffffff max_cycles: 0x3143404a908, max_idle_ns: 440795209397 ns
[    1.024728] clocksource: Switched to clocksource tsc
[    1.024762] platform rtc_cmos: registered platform RTC device (no PNP device found)
[    1.028448] Initialise system trusted keyrings
[    1.028460] Key type blacklist registered
[    1.028492] workingset: timestamp_bits=36 max_order=23 bucket_order=0
[    1.028504] zbud: loaded
[    1.028739] squashfs: version 4.0 (2009/01/31) Phillip Lougher
[    1.028813] fuse: init (API version 7.40)
[    1.028960] integrity: Platform Keyring initialized
[    1.028963] integrity: Machine keyring initialized
[    1.037452] Key type asymmetric registered
[    1.037454] Asymmetric key parser 'x509' registered
[    1.037478] Block layer SCSI generic (bsg) driver version 0.4 loaded (major 243)
[    1.037518] io scheduler mq-deadline registered
[    1.038995] pcieport 0000:00:01.0: PME: Signaling with IRQ 120
[    1.039052] pcieport 0000:00:01.0: AER: enabled with IRQ 120
[    1.039226] pcieport 0000:00:06.0: PME: Signaling with IRQ 121
[    1.039259] pcieport 0000:00:06.0: AER: enabled with IRQ 121
[    1.039459] pcieport 0000:00:1a.0: PME: Signaling with IRQ 122
[    1.039506] pcieport 0000:00:1a.0: AER: enabled with IRQ 122
[    1.039657] pcieport 0000:00:1b.0: PME: Signaling with IRQ 123
[    1.039888] pcieport 0000:00:1b.4: PME: Signaling with IRQ 124
[    1.039937] pcieport 0000:00:1b.4: AER: enabled with IRQ 124
[    1.040074] pcieport 0000:00:1c.0: PME: Signaling with IRQ 125
[    1.040099] pcieport 0000:00:1c.0: pciehp: Slot #0 AttnBtn- PwrCtrl- MRL- AttnInd- PwrInd- HotPlug+ Surprise+ Interlock- NoCompl+ IbPresDis- LLActRep+
[    1.040345] pcieport 0000:00:1c.2: PME: Signaling with IRQ 126
[    1.040391] pcieport 0000:00:1c.2: AER: enabled with IRQ 126
[    1.040482] shpchp: Standard Hot Plug PCI Controller Driver version: 0.4
[    1.040718] Monitor-Mwait will be used to enter C-1 state
[    1.040727] Monitor-Mwait will be used to enter C-2 state
[    1.040733] Monitor-Mwait will be used to enter C-3 state
[    1.040737] ACPI: \_SB_.PR00: Found 3 idle states
[    1.041820] input: Sleep Button as /devices/LNXSYSTM:00/LNXSYBUS:00/PNP0C0E:00/input/input0
[    1.041848] ACPI: button: Sleep Button [SLPB]
[    1.041872] input: Power Button as /devices/LNXSYSTM:00/LNXSYBUS:00/PNP0C0C:00/input/input1
[    1.041885] ACPI: button: Power Button [PWRB]
[    1.041906] input: Power Button as /devices/LNXSYSTM:00/LNXPWRBN:00/input/input2
[    1.041950] ACPI: button: Power Button [PWRF]
[    1.090820] Freeing initrd memory: 66776K
[    3.116050] ACPI: \_TZ_.TZ10: _PSL evaluation failure
[    3.116369] thermal LNXTHERM:00: registered as thermal_zone0
[    3.116371] ACPI: thermal: Thermal Zone [TZ10] (17 C)
[    3.116630] thermal LNXTHERM:01: registered as thermal_zone1
[    3.116632] ACPI: thermal: Thermal Zone [TZ00] (28 C)
[    3.116883] Serial: 8250/16550 driver, 32 ports, IRQ sharing enabled
[    3.118739] Linux agpgart interface v0.103
[    3.127389] loop: module loaded
[    3.127890] ACPI: bus type drm_connector registered
[    3.129256] tun: Universal TUN/TAP device driver, 1.6
[    3.129314] PPP generic driver version 2.4.2
[    3.129446] i8042: PNP: No PS/2 controller found.
[    3.129488] mousedev: PS/2 mouse device common for all mice
[    3.129566] rtc_cmos rtc_cmos: RTC can wake from S4
[    3.130470] rtc_cmos rtc_cmos: registered as rtc0
[    3.130655] rtc_cmos rtc_cmos: setting system clock to 2025-05-22T10:04:17 UTC (1747908257)
[    3.130684] rtc_cmos rtc_cmos: alarms up to one month, y3k, 114 bytes nvram
[    3.130689] i2c_dev: i2c /dev entries driver
[    3.131887] device-mapper: core: CONFIG_IMA_DISABLE_HTABLE is disabled. Duplicate IMA measurements will not be recorded in the IMA log.
[    3.131896] device-mapper: uevent: version 1.0.3
[    3.131929] device-mapper: ioctl: 4.48.0-ioctl (2023-03-01) initialised: dm-devel@lists.linux.dev
[    3.131943] platform eisa.0: Probing EISA bus 0
[    3.131949] platform eisa.0: EISA: Cannot allocate resource for mainboard
[    3.131951] platform eisa.0: Cannot allocate resource for EISA slot 1
[    3.131952] platform eisa.0: Cannot allocate resource for EISA slot 2
[    3.131953] platform eisa.0: Cannot allocate resource for EISA slot 3
[    3.131953] platform eisa.0: Cannot allocate resource for EISA slot 4
[    3.131954] platform eisa.0: Cannot allocate resource for EISA slot 5
[    3.131955] platform eisa.0: Cannot allocate resource for EISA slot 6
[    3.131956] platform eisa.0: Cannot allocate resource for EISA slot 7
[    3.131957] platform eisa.0: Cannot allocate resource for EISA slot 8
[    3.131957] platform eisa.0: EISA: Detected 0 cards
[    3.131960] intel_pstate: Intel P-state driver initializing
[    3.134030] intel_pstate: HWP enabled
[    3.134240] ledtrig-cpu: registered to indicate activity on CPUs
[    3.134354] [drm] Initialized simpledrm 1.0.0 for simple-framebuffer.0 on minor 0
[    3.135364] fbcon: Deferring console take-over
[    3.135365] simple-framebuffer simple-framebuffer.0: [drm] fb0: simpledrmdrmfb frame buffer device
[    3.135419] drop_monitor: Initializing network drop monitor service
[    3.135487] NET: Registered PF_INET6 protocol family
[    3.139045] Segment Routing with IPv6
[    3.139055] In-situ OAM (IOAM) with IPv6
[    3.139076] NET: Registered PF_PACKET protocol family
[    3.139108] Key type dns_resolver registered
[    3.140709] microcode: Current revision: 0x0000012c
[    3.140710] microcode: Updated early from: 0x0000011d
[    3.141011] IPI shorthand broadcast: enabled
[    3.142198] sched_clock: Marking stable (3137000899, 4602917)->(3165911387, -24307571)
[    3.142471] registered taskstats version 1
[    3.142954] Loading compiled-in X.509 certificates
[    3.143363] Loaded X.509 cert 'Build time autogenerated kernel key: d5b7f82f2b089ba990f3a99cf963381428aacf3b'
[    3.143698] Loaded X.509 cert 'Canonical Ltd. Live Patch Signing: 14df34d1a87cf37625abec039ef2bf521249b969'
[    3.144044] Loaded X.509 cert 'Canonical Ltd. Kernel Module Signing: 88f752e560a1e0737e31163a466ad7b70a850c19'
[    3.144045] blacklist: Loading compiled-in revocation X.509 certificates
[    3.144062] Loaded X.509 cert 'Canonical Ltd. Secure Boot Signing: 61482aa2830d0ab2ad5af10b7250da9033ddcef0'
[    3.144072] Loaded X.509 cert 'Canonical Ltd. Secure Boot Signing (2017): 242ade75ac4a15e50d50c84b0d45ff3eae707a03'
[    3.144083] Loaded X.509 cert 'Canonical Ltd. Secure Boot Signing (ESM 2018): 365188c1d374d6b07c3c8f240f8ef722433d6a8b'
[    3.144092] Loaded X.509 cert 'Canonical Ltd. Secure Boot Signing (2019): c0746fd6c5da3ae827864651ad66ae47fe24b3e8'
[    3.144102] Loaded X.509 cert 'Canonical Ltd. Secure Boot Signing (2021 v1): a8d54bbb3825cfb94fa13c9f8a594a195c107b8d'
[    3.144112] Loaded X.509 cert 'Canonical Ltd. Secure Boot Signing (2021 v2): 4cf046892d6fd3c9a5b03f98d845f90851dc6a8c'
[    3.144122] Loaded X.509 cert 'Canonical Ltd. Secure Boot Signing (2021 v3): 100437bb6de6e469b581e61cd66bce3ef4ed53af'
[    3.144132] Loaded X.509 cert 'Canonical Ltd. Secure Boot Signing (Ubuntu Core 2019): c1d57b8f6b743f23ee41f4f7ee292f06eecadfb9'
[    3.147097] Demotion targets for Node 0: null
[    3.147160] Key type .fscrypt registered
[    3.147162] Key type fscrypt-provisioning registered
[    3.147215] Key type trusted registered
[    3.166144] Key type encrypted registered
[    3.166148] AppArmor: AppArmor sha256 policy hashing enabled
[    3.167144] Loading compiled-in module X.509 certificates
[    3.167741] Loaded X.509 cert 'Build time autogenerated kernel key: d5b7f82f2b089ba990f3a99cf963381428aacf3b'
[    3.167744] ima: Allocated hash algorithm: sha256
[    3.184681] ima: No architecture policies found
[    3.184702] evm: Initialising EVM extended attributes:
[    3.184704] evm: security.selinux
[    3.184706] evm: security.SMACK64
[    3.184707] evm: security.SMACK64EXEC
[    3.184709] evm: security.SMACK64TRANSMUTE
[    3.184710] evm: security.SMACK64MMAP
[    3.184712] evm: security.apparmor
[    3.184713] evm: security.ima
[    3.184714] evm: security.capability
[    3.184716] evm: HMAC attrs: 0x1
[    3.185255] PM:   Magic number: 9:220:73
[    3.185389] memory memory230: hash matches
[    3.193515] RAS: Correctable Errors collector initialized.
[    3.207866] clk: Disabling unused clocks
[    3.207867] PM: genpd: Disabling unused power domains
[    3.212052] Freeing unused decrypted memory: 2028K
[    3.212689] Freeing unused kernel image (initmem) memory: 5104K
[    3.212700] Write protecting the kernel read-only data: 38912k
[    3.213450] Freeing unused kernel image (rodata/data gap) memory: 1456K
[    3.218444] x86/mm: Checked W+X mappings: passed, no W+X pages found.
[    3.218449] Run /init as init process
[    3.218450]   with arguments:
[    3.218450]     /init
[    3.218451]     splash
[    3.218451]   with environment:
[    3.218452]     HOME=/
[    3.218452]     TERM=linux
[    3.218452]     BOOT_IMAGE=/boot/vmlinuz-6.11.0-26-generic
[    3.292478] ACPI: video: Video Device [GFX0] (multi-head: yes  rom: no  post: no)
[    3.293459] input: Video Bus as /devices/LNXSYSTM:00/LNXSYBUS:00/PNP0A08:00/LNXVIDEO:00/input/input3
[    3.293872] xhci_hcd 0000:00:14.0: xHCI Host Controller
[    3.293879] xhci_hcd 0000:00:14.0: new USB bus registered, assigned bus number 1
[    3.294546] ahci 0000:00:17.0: version 3.0
[    3.294805] idma64 idma64.0: Found Intel integrated DMA 64-bit
[    3.294896] ahci 0000:00:17.0: AHCI vers 0001.0301, 32 command slots, 6 Gbps, SATA mode
[    3.294898] ahci 0000:00:17.0: 8/8 ports implemented (port mask 0xff)
[    3.294900] ahci 0000:00:17.0: flags: 64bit ncq sntf led clo only pio slum part ems deso sadm sds 
[    3.295014] xhci_hcd 0000:00:14.0: hcc params 0x20007fc1 hci version 0x120 quirks 0x0000000200009810
[    3.295303] xhci_hcd 0000:00:14.0: xHCI Host Controller
[    3.295304] xhci_hcd 0000:00:14.0: new USB bus registered, assigned bus number 2
[    3.295308] xhci_hcd 0000:00:14.0: Host supports USB 3.2 Enhanced SuperSpeed
[    3.295392] usb usb1: New USB device found, idVendor=1d6b, idProduct=0002, bcdDevice= 6.11
[    3.295395] usb usb1: New USB device strings: Mfr=3, Product=2, SerialNumber=1
[    3.295397] usb usb1: Product: xHCI Host Controller
[    3.295398] usb usb1: Manufacturer: Linux 6.11.0-26-generic xhci-hcd
[    3.295399] usb usb1: SerialNumber: 0000:00:14.0
[    3.295566] hub 1-0:1.0: USB hub found
[    3.295600] hub 1-0:1.0: 16 ports detected
[    3.296214] r8169 0000:07:00.0: can't disable ASPM; OS doesn't have ASPM control
[    3.299100] nvme 0000:03:00.0: platform quirk: setting simple suspend
[    3.299105] nvme 0000:02:00.0: platform quirk: setting simple suspend
[    3.299125] nvme 0000:05:00.0: platform quirk: setting simple suspend
[    3.299141] nvme nvme0: pci function 0000:03:00.0
[    3.299156] nvme nvme1: pci function 0000:02:00.0
[    3.299174] nvme nvme2: pci function 0000:05:00.0
[    3.300289] usb usb2: New USB device found, idVendor=1d6b, idProduct=0003, bcdDevice= 6.11
[    3.300292] usb usb2: New USB device strings: Mfr=3, Product=2, SerialNumber=1
[    3.300293] usb usb2: Product: xHCI Host Controller
[    3.300294] usb usb2: Manufacturer: Linux 6.11.0-26-generic xhci-hcd
[    3.300295] usb usb2: SerialNumber: 0000:00:14.0
[    3.300387] hub 2-0:1.0: USB hub found
[    3.300412] hub 2-0:1.0: 9 ports detected
[    3.304030] r8169 0000:07:00.0 eth0: RTL8125B, 74:56:3c:f5:e0:9f, XID 641, IRQ 132
[    3.304032] r8169 0000:07:00.0 eth0: jumbo features [frames: 9194 bytes, tx checksumming: ko]
[    3.304446] idma64 idma64.1: Found Intel integrated DMA 64-bit
[    3.307925] idma64 idma64.2: Found Intel integrated DMA 64-bit
[    3.311368] idma64 idma64.3: Found Intel integrated DMA 64-bit
[    3.314963] idma64 idma64.4: Found Intel integrated DMA 64-bit
[    3.317950] nvme nvme0: 28/0/0 default/read/poll queues
[    3.318214] scsi host0: ahci
[    3.318315] scsi host1: ahci
[    3.318379] scsi host2: ahci
[    3.318446] scsi host3: ahci
[    3.318517] scsi host4: ahci
[    3.318585] scsi host5: ahci
[    3.318674] scsi host6: ahci
[    3.318765] scsi host7: ahci
[    3.318794] ata1: SATA max UDMA/133 abar m2048@0x44021000 port 0x44021100 irq 127 lpm-pol 3
[    3.318799] ata2: SATA max UDMA/133 abar m2048@0x44021000 port 0x44021180 irq 127 lpm-pol 3
[    3.318801] ata3: SATA max UDMA/133 abar m2048@0x44021000 port 0x44021200 irq 127 lpm-pol 3
[    3.318802] ata4: SATA max UDMA/133 abar m2048@0x44021000 port 0x44021280 irq 127 lpm-pol 3
[    3.318804] ata5: SATA max UDMA/133 abar m2048@0x44021000 port 0x44021300 irq 127 lpm-pol 3
[    3.318805] ata6: SATA max UDMA/133 abar m2048@0x44021000 port 0x44021380 irq 127 lpm-pol 3
[    3.318807] ata7: SATA max UDMA/133 abar m2048@0x44021000 port 0x44021400 irq 127 lpm-pol 3
[    3.318808] ata8: SATA max UDMA/133 abar m2048@0x44021000 port 0x44021480 irq 127 lpm-pol 3
[    3.320071] idma64 idma64.5: Found Intel integrated DMA 64-bit
[    3.320996]  nvme0n1: p1 p2 p3 p4
[    3.326665] nvme nvme2: 28/0/0 default/read/poll queues
[    3.327348] nvme nvme1: 28/0/0 default/read/poll queues
[    3.329578]  nvme2n1: p1 p2
[    3.331455]  nvme1n1: p1 p2 p3 p4
[    3.536796] usb 1-5: new full-speed USB device number 2 using xhci_hcd
[    3.628812] ata2: SATA link down (SStatus 4 SControl 300)
[    3.629845] ata7: SATA link down (SStatus 4 SControl 300)
[    3.629917] ata8: SATA link down (SStatus 4 SControl 300)
[    3.629956] ata6: SATA link down (SStatus 4 SControl 300)
[    3.629994] ata4: SATA link down (SStatus 4 SControl 300)
[    3.630037] ata1: SATA link down (SStatus 4 SControl 300)
[    3.630094] ata3: SATA link down (SStatus 4 SControl 300)
[    3.630134] ata5: SATA link down (SStatus 4 SControl 300)
[    3.634024] r8169 0000:07:00.0 enp7s0: renamed from eth0
[    3.665058] usb 1-5: New USB device found, idVendor=03f0, idProduct=0491, bcdDevice= 1.00
[    3.665068] usb 1-5: New USB device strings: Mfr=1, Product=2, SerialNumber=3
[    3.665072] usb 1-5: Product: HyperX QuadCast
[    3.665075] usb 1-5: Manufacturer: HP, Inc
[    3.665078] usb 1-5: SerialNumber: 4111
[    3.781721] usb 1-6: new full-speed USB device number 3 using xhci_hcd
[    3.910207] usb 1-6: New USB device found, idVendor=0c45, idProduct=b23c, bcdDevice= 1.08
[    3.910218] usb 1-6: New USB device strings: Mfr=0, Product=2, SerialNumber=0
[    3.910221] usb 1-6: Product: Gaming Keyboard
[    4.026721] usb 1-11: new high-speed USB device number 4 using xhci_hcd
[    4.154630] usb 1-11: New USB device found, idVendor=05e3, idProduct=0608, bcdDevice=60.70
[    4.154640] usb 1-11: New USB device strings: Mfr=0, Product=1, SerialNumber=0
[    4.154644] usb 1-11: Product: USB2.0 Hub
[    4.156572] hub 1-11:1.0: USB hub found
[    4.156937] hub 1-11:1.0: 4 ports detected
[    4.272734] usb 1-12: new high-speed USB device number 5 using xhci_hcd
[    4.400697] usb 1-12: New USB device found, idVendor=05e3, idProduct=0608, bcdDevice=60.70
[    4.400707] usb 1-12: New USB device strings: Mfr=0, Product=1, SerialNumber=0
[    4.400711] usb 1-12: Product: USB2.0 Hub
[    4.402832] hub 1-12:1.0: USB hub found
[    4.403199] hub 1-12:1.0: 4 ports detected
[    4.518726] usb 1-13: new full-speed USB device number 6 using xhci_hcd
[    4.661515] usb 1-13: New USB device found, idVendor=048d, idProduct=5702, bcdDevice= 0.01
[    4.661525] usb 1-13: New USB device strings: Mfr=1, Product=2, SerialNumber=0
[    4.661529] usb 1-13: Product: ITE Device
[    4.661532] usb 1-13: Manufacturer: ITE Tech. Inc.
[    4.718789] usb 1-12.4: new full-speed USB device number 7 using xhci_hcd
[    4.802095] usb 1-12.4: New USB device found, idVendor=1532, idProduct=0094, bcdDevice= 1.00
[    4.802107] usb 1-12.4: New USB device strings: Mfr=1, Product=2, SerialNumber=3
[    4.802111] usb 1-12.4: Product: Orochi V2
[    4.802115] usb 1-12.4: Manufacturer: Razer
[    4.802118] usb 1-12.4: SerialNumber: 000000000000
[    4.909722] usb 1-14: new full-speed USB device number 8 using xhci_hcd
[    5.038496] usb 1-14: New USB device found, idVendor=8087, idProduct=0033, bcdDevice= 0.00
[    5.038506] usb 1-14: New USB device strings: Mfr=0, Product=0, SerialNumber=0
[    5.054106] hid: raw HID events driver (C) Jiri Kosina
[    5.068086] usbcore: registered new interface driver usbhid
[    5.068092] usbhid: USB HID core driver
[    5.072426] input: HP, Inc HyperX QuadCast Consumer Control as /devices/pci0000:00/0000:00:14.0/usb1/1-5/1-5:1.3/0003:03F0:0491.0001/input/input4
[    5.124319] hid-generic 0003:03F0:0491.0001: input,hiddev0,hidraw0: USB HID v1.00 Device [HP, Inc HyperX QuadCast] on usb-0000:00:14.0-5/input3
[    5.124587] input: Gaming Keyboard as /devices/pci0000:00/0000:00:14.0/usb1/1-6/1-6:1.0/0003:0C45:B23C.0002/input/input6
[    5.177242] hid-generic 0003:0C45:B23C.0002: input,hidraw1: USB HID v1.11 Keyboard [Gaming Keyboard] on usb-0000:00:14.0-6/input0
[    5.177729] input: Gaming Keyboard System Control as /devices/pci0000:00/0000:00:14.0/usb1/1-6/1-6:1.1/0003:0C45:B23C.0003/input/input7
[    5.230021] input: Gaming Keyboard Consumer Control as /devices/pci0000:00/0000:00:14.0/usb1/1-6/1-6:1.1/0003:0C45:B23C.0003/input/input8
[    5.230307] input: Gaming Keyboard as /devices/pci0000:00/0000:00:14.0/usb1/1-6/1-6:1.1/0003:0C45:B23C.0003/input/input9
[    5.230592] input: Gaming Keyboard Mouse as /devices/pci0000:00/0000:00:14.0/usb1/1-6/1-6:1.1/0003:0C45:B23C.0003/input/input10
[    5.231184] hid-generic 0003:0C45:B23C.0003: input,hidraw2: USB HID v1.11 Keyboard [Gaming Keyboard] on usb-0000:00:14.0-6/input1
[    5.231675] hid-generic 0003:0C45:B23C.0004: hiddev1,hidraw3: USB HID v1.11 Device [Gaming Keyboard] on usb-0000:00:14.0-6/input2
[    5.232136] hid-generic 0003:048D:5702.0005: hiddev2,hidraw4: USB HID v1.12 Device [ITE Tech. Inc. ITE Device] on usb-0000:00:14.0-13/input0
[    5.232361] input: Razer Orochi V2 as /devices/pci0000:00/0000:00:14.0/usb1/1-12/1-12.4/1-12.4:1.0/0003:1532:0094.0006/input/input11
[    5.232501] hid-generic 0003:1532:0094.0006: input,hidraw5: USB HID v1.11 Mouse [Razer Orochi V2] on usb-0000:00:14.0-12.4/input0
[    5.233092] input: Razer Orochi V2 Keyboard as /devices/pci0000:00/0000:00:14.0/usb1/1-12/1-12.4/1-12.4:1.1/0003:1532:0094.0007/input/input12
[    5.285099] input: Razer Orochi V2 Mouse as /devices/pci0000:00/0000:00:14.0/usb1/1-12/1-12.4/1-12.4:1.1/0003:1532:0094.0007/input/input13
[    5.285568] input: Razer Orochi V2 as /devices/pci0000:00/0000:00:14.0/usb1/1-12/1-12.4/1-12.4:1.1/0003:1532:0094.0007/input/input14
[    5.286016] hid-generic 0003:1532:0094.0007: input,hidraw6: USB HID v1.11 Keyboard [Razer Orochi V2] on usb-0000:00:14.0-12.4/input1
[    5.286540] input: Razer Orochi V2 as /devices/pci0000:00/0000:00:14.0/usb1/1-12/1-12.4/1-12.4:1.2/0003:1532:0094.0008/input/input15
[    5.338171] hid-generic 0003:1532:0094.0008: input,hidraw7: USB HID v1.11 Keyboard [Razer Orochi V2] on usb-0000:00:14.0-12.4/input2
[    5.338832] hid-generic 0003:1532:0094.0009: hiddev3,hidraw8: USB HID v1.11 Device [Razer Orochi V2] on usb-0000:00:14.0-12.4/input4
[    5.339204] input: Razer Orochi V2 Consumer Control as /devices/pci0000:00/0000:00:14.0/usb1/1-12/1-12.4/1-12.4:1.3/0003:1532:0094.000A/input/input16
[    5.391279] hid-generic 0003:1532:0094.000A: input,hiddev4,hidraw9: USB HID v1.11 Device [Razer Orochi V2] on usb-0000:00:14.0-12.4/input3
[    5.501370] PM: Image not found (code -22)
[    5.550975] EXT4-fs (nvme0n1p1): mounted filesystem baa3eea3-1b0b-4ab2-9e5f-86e9a8a36300 ro with ordered data mode. Quota mode: none.
[    5.628283] systemd[1]: RTC configured in localtime, applying delta of 540 minutes to system time.
[    5.638077] systemd[1]: Inserted module 'autofs4'
[    5.668986] systemd[1]: systemd 255.4-1ubuntu8.6 running in system mode (+PAM +AUDIT +SELINUX +APPARMOR +IMA +SMACK +SECCOMP +GCRYPT -GNUTLS +OPENSSL +ACL +BLKID +CURL +ELFUTILS +FIDO2 +IDN2 -IDN +IPTC +KMOD +LIBCRYPTSETUP +LIBFDISK +PCRE2 -PWQUALITY +P11KIT +QRENCODE +TPM2 +BZIP2 +LZ4 +XZ +ZLIB +ZSTD -BPF_FRAMEWORK -XKBCOMMON +UTMP +SYSVINIT default-hierarchy=unified)
[    5.668991] systemd[1]: Detected architecture x86-64.
[    5.669458] systemd[1]: Hostname set to <theta-14700k-4080>.
[    5.769424] systemd[1]: /etc/systemd/system/anydesk.service:9: PIDFile= references a path below legacy directory /var/run/, updating /var/run/anydesk.pid  /run/anydesk.pid; please update the unit file accordingly.
[    5.782778] systemd[1]: Queued start job for default target graphical.target.
[    5.799390] systemd[1]: Created slice system-modprobe.slice - Slice /system/modprobe.
[    5.799689] systemd[1]: Created slice system-systemd\x2dfsck.slice - Slice /system/systemd-fsck.
[    5.799865] systemd[1]: Created slice user.slice - User and Session Slice.
[    5.799897] systemd[1]: Started systemd-ask-password-wall.path - Forward Password Requests to Wall Directory Watch.
[    5.800008] systemd[1]: Set up automount proc-sys-fs-binfmt_misc.automount - Arbitrary Executable File Formats File System Automount Point.
[    5.800020] systemd[1]: Expecting device dev-disk-by\x2duuid-01f22b9e\x2d73bd\x2d42c2\x2d927a\x2df57eb4b4bd75.device - /dev/disk/by-uuid/01f22b9e-73bd-42c2-927a-f57eb4b4bd75...
[    5.800024] systemd[1]: Expecting device dev-disk-by\x2duuid-72770f80\x2d1037\x2d45f5\x2d8992\x2d43a10fd33674.device - /dev/disk/by-uuid/72770f80-1037-45f5-8992-43a10fd33674...
[    5.800028] systemd[1]: Expecting device dev-disk-by\x2duuid-A92F\x2d2F8D.device - /dev/disk/by-uuid/A92F-2F8D...
[    5.800040] systemd[1]: Reached target integritysetup.target - Local Integrity Protected Volumes.
[    5.800055] systemd[1]: Reached target remote-fs.target - Remote File Systems.
[    5.800061] systemd[1]: Reached target slices.target - Slice Units.
[    5.800069] systemd[1]: Reached target snapd.mounts-pre.target - Mounting snaps.
[    5.800084] systemd[1]: Reached target veritysetup.target - Local Verity Protected Volumes.
[    5.800182] systemd[1]: Listening on syslog.socket - Syslog Socket.
[    5.800222] systemd[1]: Listening on systemd-fsckd.socket - fsck to fsckd communication Socket.
[    5.800249] systemd[1]: Listening on systemd-initctl.socket - initctl Compatibility Named Pipe.
[    5.800293] systemd[1]: Listening on systemd-journald-dev-log.socket - Journal Socket (/dev/log).
[    5.800339] systemd[1]: Listening on systemd-journald.socket - Journal Socket.
[    5.800414] systemd[1]: Listening on systemd-oomd.socket - Userspace Out-Of-Memory (OOM) Killer Socket.
[    5.800435] systemd[1]: systemd-pcrextend.socket - TPM2 PCR Extension (Varlink) was skipped because of an unmet condition check (ConditionSecurity=measured-uki).
[    5.800493] systemd[1]: Listening on systemd-udevd-control.socket - udev Control Socket.
[    5.800532] systemd[1]: Listening on systemd-udevd-kernel.socket - udev Kernel Socket.
[    5.801268] systemd[1]: Mounting dev-hugepages.mount - Huge Pages File System...
[    5.801822] systemd[1]: Mounting dev-mqueue.mount - POSIX Message Queue File System...
[    5.802330] systemd[1]: Mounting sys-kernel-debug.mount - Kernel Debug File System...
[    5.802810] systemd[1]: Mounting sys-kernel-tracing.mount - Kernel Trace File System...
[    5.803731] systemd[1]: Starting systemd-journald.service - Journal Service...
[    5.804259] systemd[1]: Starting keyboard-setup.service - Set the console keyboard layout...
[    5.804886] systemd[1]: Starting kmod-static-nodes.service - Create List of Static Device Nodes...
[    5.805270] systemd[1]: Starting modprobe@configfs.service - Load Kernel Module configfs...
[    5.805623] systemd[1]: Starting modprobe@dm_mod.service - Load Kernel Module dm_mod...
[    5.805980] systemd[1]: Starting modprobe@drm.service - Load Kernel Module drm...
[    5.806370] systemd[1]: Starting modprobe@efi_pstore.service - Load Kernel Module efi_pstore...
[    5.806722] systemd[1]: Starting modprobe@fuse.service - Load Kernel Module fuse...
[    5.807114] systemd[1]: Starting modprobe@loop.service - Load Kernel Module loop...
[    5.807180] systemd[1]: systemd-fsck-root.service - File System Check on Root Device was skipped because of an unmet condition check (ConditionPathExists=!/run/initramfs/fsck-root).
[    5.807992] systemd[1]: Starting systemd-modules-load.service - Load Kernel Modules...
[    5.808002] systemd[1]: systemd-pcrmachine.service - TPM2 PCR Machine ID Measurement was skipped because of an unmet condition check (ConditionSecurity=measured-uki).
[    5.808369] systemd[1]: Starting systemd-remount-fs.service - Remount Root and Kernel File Systems...
[    5.808385] systemd[1]: systemd-tpm2-setup-early.service - TPM2 SRK Setup (Early) was skipped because of an unmet condition check (ConditionSecurity=measured-uki).
[    5.808770] systemd[1]: Starting systemd-udev-trigger.service - Coldplug All udev Devices...
[    5.809217] systemd[1]: Mounted dev-hugepages.mount - Huge Pages File System.
[    5.809254] systemd[1]: Mounted dev-mqueue.mount - POSIX Message Queue File System.
[    5.809278] systemd[1]: Mounted sys-kernel-debug.mount - Kernel Debug File System.
[    5.809299] systemd[1]: Mounted sys-kernel-tracing.mount - Kernel Trace File System.
[    5.809307] pstore: Using crash dump compression: deflate
[    5.809373] systemd[1]: Finished kmod-static-nodes.service - Create List of Static Device Nodes.
[    5.809457] systemd[1]: modprobe@configfs.service: Deactivated successfully.
[    5.809499] systemd[1]: Finished modprobe@configfs.service - Load Kernel Module configfs.
[    5.809564] systemd[1]: modprobe@dm_mod.service: Deactivated successfully.
[    5.809600] systemd[1]: Finished modprobe@dm_mod.service - Load Kernel Module dm_mod.
[    5.809660] systemd[1]: modprobe@drm.service: Deactivated successfully.
[    5.809695] systemd[1]: Finished modprobe@drm.service - Load Kernel Module drm.
[    5.809750] systemd[1]: modprobe@fuse.service: Deactivated successfully.
[    5.809785] systemd[1]: Finished modprobe@fuse.service - Load Kernel Module fuse.
[    5.809840] systemd[1]: modprobe@loop.service: Deactivated successfully.
[    5.809872] systemd[1]: Finished modprobe@loop.service - Load Kernel Module loop.
[    5.810212] systemd[1]: Mounting sys-fs-fuse-connections.mount - FUSE Control File System...
[    5.810562] systemd[1]: Mounting sys-kernel-config.mount - Kernel Configuration File System...
[    5.810579] systemd[1]: systemd-repart.service - Repartition Root Disk was skipped because no trigger condition checks were met.
[    5.810897] systemd[1]: Starting systemd-tmpfiles-setup-dev-early.service - Create Static Device Nodes in /dev gracefully...
[    5.811144] systemd-journald[549]: Collecting audit messages is disabled.
[    5.812065] systemd[1]: Mounted sys-fs-fuse-connections.mount - FUSE Control File System.
[    5.812422] systemd[1]: Mounted sys-kernel-config.mount - Kernel Configuration File System.
[    5.814191] lp: driver loaded but no devices found
[    5.815590] ppdev: user-space parallel port driver
[    5.816984] systemd[1]: Finished systemd-tmpfiles-setup-dev-early.service - Create Static Device Nodes in /dev gracefully.
[    5.817235] pstore: Registered efi_pstore as persistent store backend
[    5.817468] systemd[1]: modprobe@efi_pstore.service: Deactivated successfully.
[    5.817521] systemd[1]: Finished modprobe@efi_pstore.service - Load Kernel Module efi_pstore.
[    5.818003] EXT4-fs (nvme0n1p1): re-mounted baa3eea3-1b0b-4ab2-9e5f-86e9a8a36300 r/w. Quota mode: none.
[    5.818345] systemd[1]: Finished systemd-remount-fs.service - Remount Root and Kernel File Systems.
[    5.818555] systemd[1]: systemd-hwdb-update.service - Rebuild Hardware Database was skipped because of an unmet condition check (ConditionNeedsUpdate=/etc).
[    5.818567] systemd[1]: systemd-pstore.service - Platform Persistent Storage Archival was skipped because of an unmet condition check (ConditionDirectoryNotEmpty=/sys/fs/pstore).
[    5.818938] systemd[1]: Starting systemd-random-seed.service - Load/Save OS Random Seed...
[    5.818966] systemd[1]: systemd-sysusers.service - Create System Users was skipped because no trigger condition checks were met.
[    5.819480] systemd[1]: Starting systemd-tmpfiles-setup-dev.service - Create Static Device Nodes in /dev...
[    5.819491] systemd[1]: systemd-tpm2-setup.service - TPM2 SRK Setup was skipped because of an unmet condition check (ConditionSecurity=measured-uki).
[    5.823119] systemd[1]: Finished systemd-tmpfiles-setup-dev.service - Create Static Device Nodes in /dev.
[    5.823775] systemd[1]: Starting systemd-udevd.service - Rule-based Manager for Device Events and Files...
[    5.823868] systemd[1]: Finished keyboard-setup.service - Set the console keyboard layout.
[    5.823897] systemd[1]: Reached target local-fs-pre.target - Preparation for Local File Systems.
[    5.829886] systemd[1]: Mounting snap-bare-5.mount - Mount unit for bare, revision 5...
[    5.830454] systemd[1]: Mounting snap-core22-1908.mount - Mount unit for core22, revision 1908...
[    5.830875] systemd[1]: Mounting snap-core22-1963.mount - Mount unit for core22, revision 1963...
[    5.831368] systemd[1]: Mounting snap-firefox-6073.mount - Mount unit for firefox, revision 6073...
[    5.831909] systemd[1]: Mounting snap-firefox-6159.mount - Mount unit for firefox, revision 6159...
[    5.832244] loop0: detected capacity change from 0 to 8
[    5.832335] systemd[1]: Mounting snap-firmware\x2dupdater-167.mount - Mount unit for firmware-updater, revision 167...
[    5.832343] loop1: detected capacity change from 0 to 151320
[    5.832768] loop2: detected capacity change from 0 to 151328
[    5.833046] systemd[1]: Mounting snap-gnome\x2d42\x2d2204-202.mount - Mount unit for gnome-42-2204, revision 202...
[    5.833417] loop3: detected capacity change from 0 to 495608
[    5.833479] systemd[1]: Mounting snap-gtk\x2dcommon\x2dthemes-1535.mount - Mount unit for gtk-common-themes, revision 1535...
[    5.833767] loop4: detected capacity change from 0 to 495504
[    5.833966] systemd[1]: Mounting snap-snap\x2dstore-1248.mount - Mount unit for snap-store, revision 1248...
[    5.834341] systemd[1]: Mounting snap-snap\x2dstore-1270.mount - Mount unit for snap-store, revision 1270...
[    5.834426] loop5: detected capacity change from 0 to 22800
[    5.834839] systemd[1]: Mounting snap-snapd-23771.mount - Mount unit for snapd, revision 23771...
[    5.835045] loop6: detected capacity change from 0 to 1056784
[    5.835295] loop7: detected capacity change from 0 to 187776
[    5.835351] systemd[1]: Mounting snap-snapd-24505.mount - Mount unit for snapd, revision 24505...
[    5.836012] systemd[1]: Mounting snap-snapd\x2ddesktop\x2dintegration-253.mount - Mount unit for snapd-desktop-integration, revision 253...
[    5.836268] loop8: detected capacity change from 0 to 22056
[    5.836879] loop9: detected capacity change from 0 to 22176
[    5.836998] loop10: detected capacity change from 0 to 91024
[    5.837744] systemd[1]: Started systemd-journald.service - Journal Service.
[    5.837754] loop11: detected capacity change from 0 to 104232
[    5.838016] loop12: detected capacity change from 0 to 1136
[    5.847823] systemd-journald[549]: Received client request to flush runtime journal.
[    5.852151] systemd-journald[549]: /var/log/journal/1b3bc69485744a158881dd8943f3721e/system.journal: Journal file uses a different sequence number ID, rotating.
[    5.852153] systemd-journald[549]: Rotating system journal.
[    5.886668] mei_me 0000:00:16.0: enabling device (0000 -> 0002)
[    5.903794] input: Intel HID events as /devices/platform/INTC1078:00/input/input17
[    5.903896] intel-hid INTC1078:00: failed to enable HID power button
[    5.918812] cfg80211: Loading compiled-in X.509 certificates for regulatory database
[    5.918979] Loaded X.509 cert 'sforshee: 00b28ddf47aef9cea7'
[    5.919069] Loaded X.509 cert 'wens: 61c038651aabdcf94bd0ac7ff06c7248db18c600'
[    5.920806] intel_pmc_core INT33A1:00:  initialized
[    5.920919] i801_smbus 0000:00:1f.4: SPD Write Disable is set
[    5.920969] i801_smbus 0000:00:1f.4: SMBus using PCI interrupt
[    5.922180] RAPL PMU: API unit is 2^-32 Joules, 2 fixed counters, 655360 ms ovfl timer
[    5.922182] RAPL PMU: hw unit of domain pp0-core 2^-14 Joules
[    5.922183] RAPL PMU: hw unit of domain package 2^-14 Joules
[    5.924920] i2c i2c-6: Successfully instantiated SPD at 0x51
[    5.925731] i2c i2c-6: Successfully instantiated SPD at 0x53
[    5.943296] Bluetooth: Core ver 2.22
[    6.024625] NET: Registered PF_BLUETOOTH protocol family
[    6.024626] Bluetooth: HCI device and connection manager initialized
[    6.024629] Bluetooth: HCI socket layer initialized
[    6.024630] Bluetooth: L2CAP socket layer initialized
[    6.024633] Bluetooth: SCO socket layer initialized
[    6.027098] Intel(R) Wireless WiFi driver for Linux
[    6.027144] iwlwifi 0000:00:14.3: enabling device (0000 -> 0002)
[    6.027846] cryptd: max_cpu_qlen set to 1000
[    6.028096] Adding 7813116k swap on /dev/nvme0n1p3.  Priority:-2 extents:1 across:7813116k SS
[    6.029234] iwlwifi 0000:00:14.3: Detected crf-id 0x400410, cnv-id 0x80401 wfpm id 0x80000020
[    6.029259] iwlwifi 0000:00:14.3: PCI dev 7a70/0094, rev=0x430, rfid=0x2010d000
[    6.029262] iwlwifi 0000:00:14.3: Detected Intel(R) Wi-Fi 6E AX211 160MHz
[    6.029545] mc: Linux media interface: v0.10
[    6.030182] AES CTR mode by8 optimization enabled
[    6.030764] Creating 1 MTD partitions on "0000:00:1f.5":
[    6.030769] 0x000000000000-0x000002000000 : "BIOS"
[    6.032952] iwlwifi 0000:00:14.3: TLV_FW_FSEQ_VERSION: FSEQ Version: 0.0.2.42
[    6.032953] spd5118 6-0051: DDR5 temperature sensor: vendor 0x0e:0x8f revision 1.1
[    6.033472] iwlwifi 0000:00:14.3: loaded firmware version 89.202a2f7b.0 so-a0-gf-a0-89.ucode op_mode iwlmvm
[    6.037792] spd5118 6-0053: DDR5 temperature sensor: vendor 0x0e:0x8f revision 1.1
[    6.043697] nvidia: loading out-of-tree module taints kernel.
[    6.043702] nvidia: module license 'NVIDIA' taints kernel.
[    6.043703] Disabling lock debugging due to kernel taint
[    6.043704] nvidia: module license taints kernel.
[    6.061004] usbcore: registered new interface driver snd-usb-audio
[    6.105967] nvidia-nvlink: Nvlink Core is being initialized, major device number 509

[    6.106968] nvidia 0000:01:00.0: vgaarb: VGA decodes changed: olddecodes=io+mem,decodes=none:owns=none
[    6.126673] usbcore: registered new interface driver btusb
[    6.128511] Bluetooth: hci0: Device revision is 0
[    6.128514] Bluetooth: hci0: Secure boot is enabled
[    6.128515] Bluetooth: hci0: OTP lock is enabled
[    6.128515] Bluetooth: hci0: API lock is enabled
[    6.128516] Bluetooth: hci0: Debug lock is disabled
[    6.128516] Bluetooth: hci0: Minimum firmware build 1 week 10 2014
[    6.128517] Bluetooth: hci0: Bootloader timestamp 2019.40 buildtype 1 build 38
[    6.128597] ACPI Warning: \_SB.PC00.XHCI.RHUB.HS14._DSM: Argument #4 type mismatch - Found [Integer], ACPI requires [Package] (20240322/nsarguments-61)
[    6.128647] Bluetooth: hci0: DSM reset method type: 0x00
[    6.130823] Bluetooth: hci0: Found device firmware: intel/ibt-1040-0041.sfi
[    6.130829] Bluetooth: hci0: Boot Address: 0x100800
[    6.130829] Bluetooth: hci0: Firmware Version: 60-48.23
[    6.151638] NVRM: loading NVIDIA UNIX x86_64 Kernel Module  550.144.03  Mon Dec 30 17:44:08 UTC 2024
[    6.304030] i915 0000:00:02.0: enabling device (0006 -> 0007)
[    6.304211] i915 0000:00:02.0: [drm] Found ALDERLAKE_S/RPL-S (device ID a780) display version 12.00 stepping D0
[    6.304368] nvidia-modeset: Loading NVIDIA Kernel Mode Setting Driver for UNIX platforms  550.144.03  Mon Dec 30 17:10:10 UTC 2024
[    6.305098] i915 0000:00:02.0: [drm] Using Transparent Hugepages
[    6.307596] i915 0000:00:02.0: [drm] Finished loading DMC firmware i915/adls_dmc_ver2_01.bin (v2.1)
[    6.311256] i915 0000:00:02.0: [drm] GT0: GuC firmware i915/tgl_guc_70.bin version 70.36.0
[    6.311260] i915 0000:00:02.0: [drm] GT0: HuC firmware i915/tgl_huc.bin version 7.9.3
[    6.311348] snd_hda_intel 0000:00:1f.3: enabling device (0000 -> 0002)
[    6.311576] snd_hda_intel 0000:01:00.1: enabling device (0000 -> 0002)
[    6.311607] snd_hda_intel 0000:01:00.1: Disabling MSI
[    6.311611] snd_hda_intel 0000:01:00.1: Handle vga_switcheroo audio client
[    6.313805] i915 0000:00:02.0: [drm] GT0: HuC: authenticated for all workloads
[    6.314127] i915 0000:00:02.0: [drm] GT0: GUC: submission enabled
[    6.314128] i915 0000:00:02.0: [drm] GT0: GUC: SLPC enabled
[    6.314535] i915 0000:00:02.0: [drm] GT0: GUC: RC enabled
[    6.314977] mei_pxp 0000:00:16.0-fbf6fcf1-96cf-4e2e-a6a6-1bab8cbe36b1: bound 0000:00:02.0 (ops i915_pxp_tee_component_ops [i915])
[    6.315068] i915 0000:00:02.0: [drm] Protected Xe Path (PXP) protected content support initialized
[    6.315685] [drm] [nvidia-drm] [GPU ID 0x00000100] Loading driver
[    6.316074] [drm] Initialized i915 1.6.0 for 0000:00:02.0 on minor 1
[    6.331659] i915 0000:00:02.0: [drm] Cannot find any crtc or sizes
[    6.346610] snd_hda_intel 0000:00:1f.3: bound 0000:00:02.0 (ops i915_audio_component_bind_ops [i915])
[    6.348552] intel_tcc_cooling: TCC Offset locked
[    6.352115] input: HDA NVidia HDMI/DP,pcm=3 as /devices/pci0000:00/0000:00:01.0/0000:01:00.1/sound/card0/input18
[    6.364637] i915 0000:00:02.0: [drm] Cannot find any crtc or sizes
[    6.379633] i915 0000:00:02.0: [drm] Cannot find any crtc or sizes
[    6.473535] snd_hda_codec_realtek hdaudioC2D0: autoconfig for ALC897: line_outs=1 (0x14/0x0/0x0/0x0/0x0) type:line
[    6.473539] snd_hda_codec_realtek hdaudioC2D0:    speaker_outs=0 (0x0/0x0/0x0/0x0/0x0)
[    6.473540] snd_hda_codec_realtek hdaudioC2D0:    hp_outs=1 (0x1b/0x0/0x0/0x0/0x0)
[    6.473541] snd_hda_codec_realtek hdaudioC2D0:    mono: mono_out=0x0
[    6.473542] snd_hda_codec_realtek hdaudioC2D0:    dig-out=0x1e/0x0
[    6.473543] snd_hda_codec_realtek hdaudioC2D0:    inputs:
[    6.473547] snd_hda_codec_realtek hdaudioC2D0:      Rear Mic=0x18
[    6.473549] snd_hda_codec_realtek hdaudioC2D0:      Front Mic=0x19
[    6.477008] input: HDA NVidia HDMI/DP,pcm=7 as /devices/pci0000:00/0000:00:01.0/0000:01:00.1/sound/card0/input19
[    6.477492] input: HDA NVidia HDMI/DP,pcm=8 as /devices/pci0000:00/0000:00:01.0/0000:01:00.1/sound/card0/input20
[    6.477863] input: HDA NVidia HDMI/DP,pcm=9 as /devices/pci0000:00/0000:00:01.0/0000:01:00.1/sound/card0/input21
[    6.495936] iwlwifi 0000:00:14.3: WFPM_UMAC_PD_NOTIFICATION: 0x20
[    6.495945] iwlwifi 0000:00:14.3: WFPM_LMAC2_PD_NOTIFICATION: 0x1f
[    6.495953] iwlwifi 0000:00:14.3: WFPM_AUTH_KEY_0: 0x90
[    6.495961] iwlwifi 0000:00:14.3: CNVI_SCU_SEQ_DATA_DW9: 0x0
[    6.496125] iwlwifi 0000:00:14.3: loaded PNVM version 35148b80
[    6.497117] iwlwifi 0000:00:14.3: RFIm is deactivated, reason = 5
[    6.504335] input: HDA Intel PCH Rear Mic as /devices/pci0000:00/0000:00:1f.3/sound/card2/input22
[    6.504409] input: HDA Intel PCH Front Mic as /devices/pci0000:00/0000:00:1f.3/sound/card2/input23
[    6.504424] input: HDA Intel PCH Line Out as /devices/pci0000:00/0000:00:1f.3/sound/card2/input24
[    6.504441] input: HDA Intel PCH Front Headphone as /devices/pci0000:00/0000:00:1f.3/sound/card2/input25
[    6.504454] input: HDA Intel PCH HDMI/DP,pcm=3 as /devices/pci0000:00/0000:00:1f.3/sound/card2/input26
[    6.504468] input: HDA Intel PCH HDMI/DP,pcm=7 as /devices/pci0000:00/0000:00:1f.3/sound/card2/input27
[    6.504482] input: HDA Intel PCH HDMI/DP,pcm=8 as /devices/pci0000:00/0000:00:1f.3/sound/card2/input28
[    6.504495] input: HDA Intel PCH HDMI/DP,pcm=9 as /devices/pci0000:00/0000:00:1f.3/sound/card2/input29
[    6.512275] intel_rapl_msr: PL4 support detected.
[    6.512294] intel_rapl_common: Found RAPL domain package
[    6.512295] intel_rapl_common: Found RAPL domain core
[    6.512296] intel_rapl_common: Found RAPL domain uncore
[    6.513613] iwlwifi 0000:00:14.3: Detected RF GF, rfid=0x2010d000
[    6.581598] iwlwifi 0000:00:14.3: base HW address: 28:c5:d2:d1:2c:70
[    6.608731] iwlwifi 0000:00:14.3 wlo1: renamed from wlan0
[    6.992769] EXT4-fs (nvme0n1p4): mounted filesystem 72770f80-1037-45f5-8992-43a10fd33674 r/w with ordered data mode. Quota mode: none.
[    7.007480] audit: type=1400 audit(1747875861.375:2): apparmor="STATUS" operation="profile_load" profile="unconfined" name="brave" pid=1049 comm="apparmor_parser"
[    7.007483] audit: type=1400 audit(1747875861.375:3): apparmor="STATUS" operation="profile_load" profile="unconfined" name="evolution" pid=1061 comm="apparmor_parser"
[    7.007484] audit: type=1400 audit(1747875861.375:4): apparmor="STATUS" operation="profile_load" profile="unconfined" name="crun" pid=1057 comm="apparmor_parser"
[    7.007485] audit: type=1400 audit(1747875861.375:5): apparmor="STATUS" operation="profile_load" profile="unconfined" name="ipa_verify" pid=1068 comm="apparmor_parser"
[    7.007503] audit: type=1400 audit(1747875861.375:6): apparmor="STATUS" operation="profile_load" profile="unconfined" name="ch-checkns" pid=1053 comm="apparmor_parser"
[    7.007518] audit: type=1400 audit(1747875861.375:7): apparmor="STATUS" operation="profile_load" profile="unconfined" name="lc-compliance" pid=1071 comm="apparmor_parser"
[    7.007539] audit: type=1400 audit(1747875861.375:8): apparmor="STATUS" operation="profile_load" profile="unconfined" name="1password" pid=1043 comm="apparmor_parser"
[    7.007553] audit: type=1400 audit(1747875861.375:9): apparmor="STATUS" operation="profile_load" profile="unconfined" name="chrome" pid=1055 comm="apparmor_parser"
[    7.007570] audit: type=1400 audit(1747875861.375:10): apparmor="STATUS" operation="profile_load" profile="unconfined" name="cam" pid=1052 comm="apparmor_parser"
[    7.007589] audit: type=1400 audit(1747875861.375:11): apparmor="STATUS" operation="profile_load" profile="unconfined" name="ch-run" pid=1054 comm="apparmor_parser"
[    7.260042] [drm] Initialized nvidia-drm 0.0.0 for 0000:01:00.0 on minor 2
[    7.337041] nvidia_uvm: module uses symbols nvUvmInterfaceDisableAccessCntr from proprietary module nvidia, inheriting taint.
[    7.357003] nvidia-uvm: Loaded the UVM driver, major device number 507.
[    7.364116] Bluetooth: BNEP (Ethernet Emulation) ver 1.3
[    7.364118] Bluetooth: BNEP filters: protocol multicast
[    7.364120] Bluetooth: BNEP socket layer initialized
[    7.388706] block nvme0n1: No UUID available providing old NGUID
[    7.399279] NET: Registered PF_QIPCRTR protocol family
[    7.442194] Bluetooth: hci0: Waiting for firmware download to complete
[    7.442484] Bluetooth: hci0: Firmware loaded in 1280916 usecs
[    7.442513] Bluetooth: hci0: Waiting for device to boot
[    7.458485] Bluetooth: hci0: Device booted in 15613 usecs
[    7.460701] Bluetooth: hci0: Found Intel DDC parameters: intel/ibt-1040-0041.ddc
[    7.462514] Bluetooth: hci0: Applying Intel DDC parameters completed
[    7.465511] Bluetooth: hci0: Firmware timestamp 2023.48 buildtype 1 build 75324
[    7.465513] Bluetooth: hci0: Firmware SHA1: 0x23bac558
[    7.469489] Bluetooth: hci0: Fseq status: Success (0x00)
[    7.469490] Bluetooth: hci0: Fseq executed: 00.00.02.41
[    7.469491] Bluetooth: hci0: Fseq BT Top: 00.00.02.41
[    7.540630] Bluetooth: MGMT ver 1.23
[    7.542497] NET: Registered PF_ALG protocol family
[    7.667618] RTL8226B_RTL8221B 2.5Gbps PHY r8169-0-700:00: attached PHY driver (mii_bus:phy_addr=r8169-0-700:00, irq=MAC)
[    7.832783] r8169 0000:07:00.0 enp7s0: Link is Down
[    8.009390] iwlwifi 0000:00:14.3: WFPM_UMAC_PD_NOTIFICATION: 0x20
[    8.009432] iwlwifi 0000:00:14.3: WFPM_LMAC2_PD_NOTIFICATION: 0x1f
[    8.009442] iwlwifi 0000:00:14.3: WFPM_AUTH_KEY_0: 0x90
[    8.009452] iwlwifi 0000:00:14.3: CNVI_SCU_SEQ_DATA_DW9: 0x0
[    8.010487] iwlwifi 0000:00:14.3: RFIm is deactivated, reason = 5
[    8.102728] iwlwifi 0000:00:14.3: Registered PHC clock: iwlwifi-PTP, with index: 0
[    8.187798] loop13: detected capacity change from 0 to 8
[    8.949986] Bluetooth: RFCOMM TTY layer initialized
[    8.949997] Bluetooth: RFCOMM socket layer initialized
[    8.950002] Bluetooth: RFCOMM ver 1.11
[   10.177875] r8169 0000:07:00.0 enp7s0: Link is Up - 1Gbps/Full - flow control rx/tx
[   11.860891] rfkill: input handler disabled
[   14.118325] kauditd_printk_skb: 152 callbacks suppressed
[   14.118327] audit: type=1400 audit(1747875868.486:164): apparmor="STATUS" operation="profile_load" profile="unconfined" name="docker-default" pid=2468 comm="apparmor_parser"
[   14.130220] evm: overlay not supported
[   14.158062] Initializing XFRM netlink socket
[   14.420376] bridge: filtering via arp/ip/ip6tables is no longer available by default. Update your scripts to load br_netfilter if you need this.
[   25.486787] systemd-journald[549]: /var/log/journal/1b3bc69485744a158881dd8943f3721e/user-1000.journal: Journal file uses a different sequence number ID, rotating.
[   25.556839] audit: type=1400 audit(1747875879.925:165): apparmor="DENIED" operation="capable" class="cap" profile="/snap/snapd/24505/usr/lib/snapd/snap-confine" pid=2744 comm="snap-confine" capability=12  capname="net_admin"
[   25.556847] audit: type=1400 audit(1747875879.925:166): apparmor="DENIED" operation="capable" class="cap" profile="/snap/snapd/24505/usr/lib/snapd/snap-confine" pid=2744 comm="snap-confine" capability=38  capname="perfmon"
[   25.558746] audit: type=1400 audit(1747875879.927:167): apparmor="DENIED" operation="open" class="file" profile="snap-update-ns.snapd-desktop-integration" name="/proc/2824/maps" pid=2824 comm="snap-update-ns" requested_mask="r" denied_mask="r" fsuid=1000 ouid=0
[   26.019584] rfkill: input handler enabled
[   28.371478] audit: type=1400 audit(1747875882.739:168): apparmor="DENIED" operation="capable" class="cap" profile="/snap/snapd/24505/usr/lib/snapd/snap-confine" pid=2904 comm="snap-confine" capability=12  capname="net_admin"
[   28.371494] audit: type=1400 audit(1747875882.739:169): apparmor="DENIED" operation="capable" class="cap" profile="/snap/snapd/24505/usr/lib/snapd/snap-confine" pid=2904 comm="snap-confine" capability=38  capname="perfmon"
[   28.374682] audit: type=1400 audit(1747875882.743:170): apparmor="DENIED" operation="open" class="file" profile="snap-update-ns.snapd-desktop-integration" name="/proc/2962/maps" pid=2962 comm="snap-update-ns" requested_mask="r" denied_mask="r" fsuid=1000 ouid=0
[   29.851530] rfkill: input handler disabled
